{"ts":1788521793.849698,"level":"info","r":1,"file":"scli.go","line":124,"msg":"Starting","command":"Φορτίο","version":"1.75.2 h1:TzBLdqgF9XOyBG4zt/uK8V2QoRbYRPvXM/Ju196nsGA= go1.25.11 amd64 linux","go-max-procs":56}
Fortio 1.75.2 running at 0 queries per second, 56->56 procs, for 20s: http://10.8.9.45:8080/echo
{"ts":1788521793.850538,"level":"info","r":1,"file":"httprunner.go","line":121,"msg":"Starting http test","run":0,"url":"http://10.8.9.45:8080/echo","threads":16,"qps":"-1.0","warmup":"parallel","conn-reuse":""}
{"ts":1788521793.891148,"level":"warn","r":102,"file":"http_client.go","line":1159,"msg":"Non ok http code","code":503,"status":"HTTP/1.1 503","thread":5,"run":0}
{"ts":1788521793.891861,"level":"warn","r":103,"file":"http_client.go","line":1159,"msg":"Non ok http code","code":503,"status":"HTTP/1.1 503","thread":6,"run":0}
{"ts":1788521793.891859,"level":"warn","r":98,"file":"http_client.go","line":1159,"msg":"Non ok http code","code":503,"status":"HTTP/1.1 503","thread":1,"run":0}
{"ts":1788521793.891925,"level":"warn","r":97,"file":"http_client.go","line":1159,"msg":"Non ok http code","code":503,"status":"HTTP/1.1 503","thread":0,"run":0}
{"ts":1788521793.892005,"level":"warn","r":107,"file":"http_client.go","line":1159,"msg":"Non ok http code","code":503,"status":"HTTP/1.1 503","thread":10,"run":0}
{"ts":1788521793.892015,"level":"warn","r":112,"file":"http_client.go","line":1159,"msg":"Non ok http code","code":503,"status":"HTTP/1.1 503","thread":15,"run":0}
{"ts":1788521793.892021,"level":"warn","r":109,"file":"http_client.go","line":1159,"msg":"Non ok http code","code":503,"status":"HTTP/1.1 503","thread":12,"run":0}
{"ts":1788521793.892039,"level":"warn","r":106,"file":"http_client.go","line":1159,"msg":"Non ok http code","code":503,"status":"HTTP/1.1 503","thread":9,"run":0}
{"ts":1788521793.896169,"level":"warn","r":100,"file":"http_client.go","line":1159,"msg":"Non ok http code","code":503,"status":"HTTP/1.1 503","thread":3,"run":0}
{"ts":1788521793.896936,"level":"warn","r":101,"file":"http_client.go","line":1159,"msg":"Non ok http code","code":503,"status":"HTTP/1.1 503","thread":4,"run":0}
{"ts":1788521793.897579,"level":"warn","r":108,"file":"http_client.go","line":1159,"msg":"Non ok http code","code":503,"status":"HTTP/1.1 503","thread":11,"run":0}
{"ts":1788521793.897647,"level":"warn","r":110,"file":"http_client.go","line":1159,"msg":"Non ok http code","code":503,"status":"HTTP/1.1 503","thread":13,"run":0}
{"ts":1788521793.898282,"level":"warn","r":99,"file":"http_client.go","line":1159,"msg":"Non ok http code","code":503,"status":"HTTP/1.1 503","thread":2,"run":0}
{"ts":1788521793.898650,"level":"warn","r":111,"file":"http_client.go","line":1159,"msg":"Non ok http code","code":503,"status":"HTTP/1.1 503","thread":14,"run":0}
{"ts":1788521793.898881,"level":"warn","r":105,"file":"http_client.go","line":1159,"msg":"Non ok http code","code":503,"status":"HTTP/1.1 503","thread":8,"run":0}
{"ts":1788521793.898997,"level":"warn","r":104,"file":"http_client.go","line":1159,"msg":"Non ok http code","code":503,"status":"HTTP/1.1 503","thread":7,"run":0}
Aborting because of error 503 for http://10.8.9.45:8080/echo (229 bytes)
