{"ts":1788338359.689393,"level":"info","r":1,"file":"scli.go","line":124,"msg":"Starting","command":"Φορτίο","version":"1.75.2 h1:TzBLdqgF9XOyBG4zt/uK8V2QoRbYRPvXM/Ju196nsGA= go1.25.11 amd64 linux","go-max-procs":56}
Fortio 1.75.2 running at 0 queries per second, 56->56 procs, for 20s: http://knb-lat-fortio-server-105416:8080/echo?size=65536
{"ts":1788338359.691521,"level":"info","r":1,"file":"httprunner.go","line":121,"msg":"Starting http test","run":0,"url":"http://knb-lat-fortio-server-105416:8080/echo?size=65536","threads":16,"qps":"-1.0","warmup":"parallel","conn-reuse":""}
Starting at max qps with 16 thread(s) [gomax 56] for 20s
{"ts":1788338379.776240,"level":"info","r":271,"file":"periodic.go","line":882,"msg":"T014 ended after 20.000239867s : 5218 calls. qps=260.8968709725125"}
{"ts":1788338379.776895,"level":"info","r":261,"file":"periodic.go","line":882,"msg":"T004 ended after 20.00090562s : 5264 calls. qps=263.18808258043265"}
{"ts":1788338379.776951,"level":"info","r":268,"file":"periodic.go","line":882,"msg":"T011 ended after 20.000972428s : 5246 calls. qps=262.2872472268377"}
{"ts":1788338379.777005,"level":"info","r":266,"file":"periodic.go","line":882,"msg":"T009 ended after 20.001027399s : 5243 calls. qps=262.1365340593522"}
{"ts":1788338379.777668,"level":"info","r":259,"file":"periodic.go","line":882,"msg":"T002 ended after 20.001689506s : 5136 calls. qps=256.77830857534957"}
{"ts":1788338379.778094,"level":"info","r":265,"file":"periodic.go","line":882,"msg":"T008 ended after 20.002116274s : 5281 calls. qps=264.0220628486484"}
{"ts":1788338379.778165,"level":"info","r":262,"file":"periodic.go","line":882,"msg":"T005 ended after 20.002187332s : 5239 calls. qps=261.9213545519853"}
{"ts":1788338379.778186,"level":"info","r":269,"file":"periodic.go","line":882,"msg":"T012 ended after 20.0021897s : 5176 calls. qps=258.771668383887"}
{"ts":1788338379.778222,"level":"info","r":257,"file":"periodic.go","line":882,"msg":"T000 ended after 20.002237264s : 5159 calls. qps=257.92114811502415"}
{"ts":1788338379.778394,"level":"info","r":267,"file":"periodic.go","line":882,"msg":"T010 ended after 20.00241601s : 5141 calls. qps=257.0189519820911"}
{"ts":1788338379.778449,"level":"info","r":264,"file":"periodic.go","line":882,"msg":"T007 ended after 20.00247206s : 5180 calls. qps=258.9679907794357"}
{"ts":1788338379.778501,"level":"info","r":270,"file":"periodic.go","line":882,"msg":"T013 ended after 20.002523895s : 5017 calls. qps=250.81834804127354"}
{"ts":1788338379.778536,"level":"info","r":260,"file":"periodic.go","line":882,"msg":"T003 ended after 20.002559898s : 5122 calls. qps=256.0672247011811"}
{"ts":1788338379.778588,"level":"info","r":258,"file":"periodic.go","line":882,"msg":"T001 ended after 20.002610991s : 5197 calls. qps=259.81608112752605"}
{"ts":1788338379.778624,"level":"info","r":263,"file":"periodic.go","line":882,"msg":"T006 ended after 20.002647856s : 5221 calls. qps=261.01544343460046"}
{"ts":1788338379.778693,"level":"info","r":272,"file":"periodic.go","line":882,"msg":"T015 ended after 20.002716022s : 5180 calls. qps=258.96483229091353"}
Ended after 20.002738791s : 83020 calls. qps=4150.4
{"ts":1788338379.778756,"level":"info","r":1,"file":"periodic.go","line":598,"msg":"Run ended","run":0,"elapsed":20002738791,"calls":83020,"qps":4150.431641758672}
Aggregated Function Time : count 83020 avg 0.0038541454 +/- 0.00367 min 0.000981653 max 0.216452235 sum 319.971155
# range, mid point, percentile, count
>= 0.000981653 <= 0.001 , 0.000990826 , 0.00, 1
> 0.001 <= 0.002 , 0.0015 , 2.24, 1859
> 0.002 <= 0.003 , 0.0025 , 33.42, 25886
> 0.003 <= 0.004 , 0.0035 , 71.59, 31690
> 0.004 <= 0.005 , 0.0045 , 91.50, 16524
> 0.005 <= 0.006 , 0.0055 , 96.68, 4307
> 0.006 <= 0.007 , 0.0065 , 97.70, 847
> 0.007 <= 0.008 , 0.0075 , 98.05, 290
> 0.008 <= 0.009 , 0.0085 , 98.23, 144
> 0.009 <= 0.01 , 0.0095 , 98.34, 90
> 0.01 <= 0.011 , 0.0105 , 98.41, 60
> 0.011 <= 0.012 , 0.0115 , 98.48, 56
> 0.012 <= 0.014 , 0.013 , 98.59, 94
> 0.014 <= 0.016 , 0.015 , 98.73, 121
> 0.016 <= 0.018 , 0.017 , 98.84, 84
> 0.018 <= 0.02 , 0.019 , 99.02, 152
> 0.02 <= 0.025 , 0.0225 , 99.42, 336
> 0.025 <= 0.03 , 0.0275 , 99.64, 177
> 0.03 <= 0.035 , 0.0325 , 99.84, 169
> 0.035 <= 0.04 , 0.0375 , 99.94, 87
> 0.04 <= 0.045 , 0.0425 , 99.97, 24
> 0.045 <= 0.05 , 0.0475 , 99.98, 2
> 0.05 <= 0.06 , 0.055 , 99.99, 10
> 0.2 <= 0.216452 , 0.208226 , 100.00, 10
# target 50% 0.00343433
# target 75% 0.00417121
# target 90% 0.00492484
# target 99% 0.0198
# target 99.9% 0.0378724
Error cases : no data
# Socket and IP used for each connection:
[0]   1 socket used, resolved to 10.110.36.207:8080, connection timing : count 1 avg 0.000756205 +/- 0 min 0.000756205 max 0.000756205 sum 0.000756205
[1]   1 socket used, resolved to 10.110.36.207:8080, connection timing : count 1 avg 0.00101004 +/- 0 min 0.00101004 max 0.00101004 sum 0.00101004
[2]   1 socket used, resolved to 10.110.36.207:8080, connection timing : count 1 avg 0.000260561 +/- 0 min 0.000260561 max 0.000260561 sum 0.000260561
[3]   1 socket used, resolved to 10.110.36.207:8080, connection timing : count 1 avg 0.000794902 +/- 0 min 0.000794902 max 0.000794902 sum 0.000794902
[4]   1 socket used, resolved to 10.110.36.207:8080, connection timing : count 1 avg 0.00026669 +/- 0 min 0.00026669 max 0.00026669 sum 0.00026669
[5]   1 socket used, resolved to 10.110.36.207:8080, connection timing : count 1 avg 0.000263961 +/- 0 min 0.000263961 max 0.000263961 sum 0.000263961
[6]   1 socket used, resolved to 10.110.36.207:8080, connection timing : count 1 avg 0.00044484 +/- 0 min 0.00044484 max 0.00044484 sum 0.00044484
[7]   1 socket used, resolved to 10.110.36.207:8080, connection timing : count 1 avg 0.000476263 +/- 0 min 0.000476263 max 0.000476263 sum 0.000476263
[8]   1 socket used, resolved to 10.110.36.207:8080, connection timing : count 1 avg 0.000508961 +/- 0 min 0.000508961 max 0.000508961 sum 0.000508961
[9]   1 socket used, resolved to 10.110.36.207:8080, connection timing : count 1 avg 0.000786753 +/- 0 min 0.000786753 max 0.000786753 sum 0.000786753
[10]   1 socket used, resolved to 10.110.36.207:8080, connection timing : count 1 avg 0.000407799 +/- 0 min 0.000407799 max 0.000407799 sum 0.000407799
[11]   1 socket used, resolved to 10.110.36.207:8080, connection timing : count 1 avg 0.000404914 +/- 0 min 0.000404914 max 0.000404914 sum 0.000404914
[12]   1 socket used, resolved to 10.110.36.207:8080, connection timing : count 1 avg 0.000433684 +/- 0 min 0.000433684 max 0.000433684 sum 0.000433684
[13]   1 socket used, resolved to 10.110.36.207:8080, connection timing : count 1 avg 0.000837277 +/- 0 min 0.000837277 max 0.000837277 sum 0.000837277
[14]   1 socket used, resolved to 10.110.36.207:8080, connection timing : count 1 avg 0.000816901 +/- 0 min 0.000816901 max 0.000816901 sum 0.000816901
[15]   1 socket used, resolved to 10.110.36.207:8080, connection timing : count 1 avg 0.000334342 +/- 0 min 0.000334342 max 0.000334342 sum 0.000334342
Connection time histogram (s) : count 16 avg 0.00055025581 +/- 0.0002358 min 0.000260561 max 0.00101004 sum 0.008804093
# range, mid point, percentile, count
>= 0.000260561 <= 0.001 , 0.00063028 , 93.75, 15
> 0.001 <= 0.00101004 , 0.00100502 , 100.00, 1
# target 50% 0.00063028
# target 75% 0.000841549
# target 90% 0.00096831
# target 99% 0.00100843
# target 99.9% 0.00100988
Sockets used: 16 (for perfect keepalive, would be 16)
Uniform: false, Jitter: false, Catchup allowed: true
IP addresses distribution:
10.110.36.207:8080: 16
Code 200 : 83020 (100.0 %)
Response Header Sizes : count 83020 avg 168.01244 +/- 0.1109 min 168 max 169 sum 13948393
Response Body/Total Sizes : count 83020 avg 65704.012 +/- 0.1108 min 65704 max 65705 sum 5.45474711e+09
All done 83020 calls (plus 16 warmup) 3.854 ms avg, 4150.4 qps
