{"ts":1788338684.235315,"level":"info","r":1,"file":"scli.go","line":124,"msg":"Starting","command":"Φορτίο","version":"1.75.2 h1:TzBLdqgF9XOyBG4zt/uK8V2QoRbYRPvXM/Ju196nsGA= go1.25.11 amd64 linux","go-max-procs":56}
Fortio 1.75.2 running at 0 queries per second, 56->56 procs, for 20s: http://knb-lat-fortio-server-126421:8080/echo
{"ts":1788338684.236731,"level":"info","r":1,"file":"httprunner.go","line":121,"msg":"Starting http test","run":0,"url":"http://knb-lat-fortio-server-126421:8080/echo","threads":16,"qps":"-1.0","warmup":"parallel","conn-reuse":""}
Starting at max qps with 16 thread(s) [gomax 56] for 20s
{"ts":1788338704.997368,"level":"info","r":199,"file":"periodic.go","line":882,"msg":"T003 ended after 20.000128084s : 13779 calls. qps=688.9455878546663"}
{"ts":1788338704.997443,"level":"info","r":203,"file":"periodic.go","line":882,"msg":"T007 ended after 20.000225141s : 13764 calls. qps=688.1922529853985"}
{"ts":1788338704.997466,"level":"info","r":196,"file":"periodic.go","line":882,"msg":"T000 ended after 20.000232111s : 13742 calls. qps=687.0920259191387"}
{"ts":1788338704.997603,"level":"info","r":198,"file":"periodic.go","line":882,"msg":"T002 ended after 20.000386039s : 13782 calls. qps=689.0866992829848"}
{"ts":1788338704.997721,"level":"info","r":202,"file":"periodic.go","line":882,"msg":"T006 ended after 20.000503809s : 14048 calls. qps=702.3823066736228"}
{"ts":1788338704.997881,"level":"info","r":275,"file":"periodic.go","line":882,"msg":"T015 ended after 20.000662466s : 15005 calls. qps=750.2251500672867"}
{"ts":1788338704.997905,"level":"info","r":206,"file":"periodic.go","line":882,"msg":"T010 ended after 20.000688261s : 15041 calls. qps=752.0241205563381"}
{"ts":1788338704.997955,"level":"info","r":273,"file":"periodic.go","line":882,"msg":"T013 ended after 20.000738008s : 15029 calls. qps=751.4222722175863"}
{"ts":1788338704.997973,"level":"info","r":197,"file":"periodic.go","line":882,"msg":"T001 ended after 20.000757689s : 15025 calls. qps=751.2215403851144"}
{"ts":1788338704.998053,"level":"info","r":274,"file":"periodic.go","line":882,"msg":"T014 ended after 20.0008379s : 13741 calls. qps=687.0212172461034"}
{"ts":1788338704.998068,"level":"info","r":200,"file":"periodic.go","line":882,"msg":"T004 ended after 20.000852896s : 13755 calls. qps=687.7206722894744"}
{"ts":1788338704.998136,"level":"info","r":208,"file":"periodic.go","line":882,"msg":"T012 ended after 20.000920891s : 14036 calls. qps=701.7676874226281"}
{"ts":1788338704.998159,"level":"info","r":201,"file":"periodic.go","line":882,"msg":"T005 ended after 20.000943361s : 14050 calls. qps=702.4668660077408"}
{"ts":1788338704.998182,"level":"info","r":204,"file":"periodic.go","line":882,"msg":"T008 ended after 20.000960282s : 14037 calls. qps=701.8163029218498"}
{"ts":1788338704.998203,"level":"info","r":205,"file":"periodic.go","line":882,"msg":"T009 ended after 20.000959917s : 14084 calls. qps=704.1662029445484"}
{"ts":1788338704.998285,"level":"info","r":207,"file":"periodic.go","line":882,"msg":"T011 ended after 20.001069591s : 14076 calls. qps=703.7623631055142"}
Ended after 20.001093278s : 226994 calls. qps=11349
{"ts":1788338704.998375,"level":"info","r":1,"file":"periodic.go","line":598,"msg":"Run ended","run":0,"elapsed":20001093278,"calls":226994,"qps":11349.079615046832}
Aggregated Function Time : count 226994 avg 0.0014091791 +/- 0.0003286 min 0.000679006 max 0.013878459 sum 319.8752
# range, mid point, percentile, count
>= 0.000679006 <= 0.0007 , 0.000689503 , 0.01, 20
> 0.0007 <= 0.0008 , 0.00075 , 0.34, 744
> 0.0008 <= 0.0009 , 0.00085 , 1.80, 3320
> 0.0009 <= 0.001 , 0.00095 , 4.77, 6739
> 0.001 <= 0.0012 , 0.0011 , 20.88, 36568
> 0.0012 <= 0.0014 , 0.0013 , 53.70, 74507
> 0.0014 <= 0.0016 , 0.0015 , 81.17, 62360
> 0.0016 <= 0.0018 , 0.0017 , 92.87, 26545
> 0.0018 <= 0.002 , 0.0019 , 96.97, 9308
> 0.002 <= 0.0025 , 0.00225 , 99.39, 5495
> 0.0025 <= 0.003 , 0.00275 , 99.69, 692
> 0.003 <= 0.0035 , 0.00325 , 99.80, 246
> 0.0035 <= 0.004 , 0.00375 , 99.86, 136
> 0.004 <= 0.0045 , 0.00425 , 99.91, 100
> 0.0045 <= 0.005 , 0.00475 , 99.92, 43
> 0.005 <= 0.006 , 0.0055 , 99.96, 81
> 0.006 <= 0.007 , 0.0065 , 99.98, 37
> 0.007 <= 0.008 , 0.0075 , 99.99, 23
> 0.008 <= 0.009 , 0.0085 , 99.99, 5
> 0.009 <= 0.01 , 0.0095 , 99.99, 11
> 0.01 <= 0.0138785 , 0.0119392 , 100.00, 14
# target 50% 0.00137745
# target 75% 0.00155506
# target 90% 0.00175096
# target 99% 0.00241975
# target 99.9% 0.00443503
Error cases : no data
# Socket and IP used for each connection:
[0]   1 socket used, resolved to 10.102.121.113:8080, connection timing : count 1 avg 0.001351637 +/- 0 min 0.001351637 max 0.001351637 sum 0.001351637
[1]   1 socket used, resolved to 10.102.121.113:8080, connection timing : count 1 avg 0.000536109 +/- 0 min 0.000536109 max 0.000536109 sum 0.000536109
[2]   1 socket used, resolved to 10.102.121.113:8080, connection timing : count 1 avg 0.000554574 +/- 0 min 0.000554574 max 0.000554574 sum 0.000554574
[3]   1 socket used, resolved to 10.102.121.113:8080, connection timing : count 1 avg 0.001521788 +/- 0 min 0.001521788 max 0.001521788 sum 0.001521788
[4]   1 socket used, resolved to 10.102.121.113:8080, connection timing : count 1 avg 0.000551244 +/- 0 min 0.000551244 max 0.000551244 sum 0.000551244
[5]   1 socket used, resolved to 10.102.121.113:8080, connection timing : count 1 avg 0.000486687 +/- 0 min 0.000486687 max 0.000486687 sum 0.000486687
[6]   1 socket used, resolved to 10.102.121.113:8080, connection timing : count 1 avg 0.001381743 +/- 0 min 0.001381743 max 0.001381743 sum 0.001381743
[7]   1 socket used, resolved to 10.102.121.113:8080, connection timing : count 1 avg 0.000133602 +/- 0 min 0.000133602 max 0.000133602 sum 0.000133602
[8]   1 socket used, resolved to 10.102.121.113:8080, connection timing : count 1 avg 0.000157722 +/- 0 min 0.000157722 max 0.000157722 sum 0.000157722
[9]   1 socket used, resolved to 10.102.121.113:8080, connection timing : count 1 avg 0.000635757 +/- 0 min 0.000635757 max 0.000635757 sum 0.000635757
[10]   1 socket used, resolved to 10.102.121.113:8080, connection timing : count 1 avg 0.000142196 +/- 0 min 0.000142196 max 0.000142196 sum 0.000142196
[11]   1 socket used, resolved to 10.102.121.113:8080, connection timing : count 1 avg 0.001122491 +/- 0 min 0.001122491 max 0.001122491 sum 0.001122491
[12]   1 socket used, resolved to 10.102.121.113:8080, connection timing : count 1 avg 9.6683e-05 +/- 0 min 9.6683e-05 max 9.6683e-05 sum 9.6683e-05
[13]   1 socket used, resolved to 10.102.121.113:8080, connection timing : count 1 avg 0.000155915 +/- 0 min 0.000155915 max 0.000155915 sum 0.000155915
[14]   1 socket used, resolved to 10.102.121.113:8080, connection timing : count 1 avg 0.000420097 +/- 0 min 0.000420097 max 0.000420097 sum 0.000420097
[15]   1 socket used, resolved to 10.102.121.113:8080, connection timing : count 1 avg 0.001410451 +/- 0 min 0.001410451 max 0.001410451 sum 0.001410451
Connection time histogram (s) : count 16 avg 0.0006661685 +/- 0.0005009 min 9.6683e-05 max 0.001521788 sum 0.010658696
# range, mid point, percentile, count
>= 9.6683e-05 <= 0.0001 , 9.83415e-05 , 6.25, 1
> 0.00012 <= 0.00014 , 0.00013 , 12.50, 1
> 0.00014 <= 0.00016 , 0.00015 , 31.25, 3
> 0.0004 <= 0.00045 , 0.000425 , 37.50, 1
> 0.00045 <= 0.0005 , 0.000475 , 43.75, 1
> 0.0005 <= 0.0006 , 0.00055 , 62.50, 3
> 0.0006 <= 0.0007 , 0.00065 , 68.75, 1
> 0.001 <= 0.0012 , 0.0011 , 75.00, 1
> 0.0012 <= 0.0014 , 0.0013 , 87.50, 2
> 0.0014 <= 0.00152179 , 0.00146089 , 100.00, 2
# target 50% 0.000533333
# target 75% 0.0012
# target 90% 0.00142436
# target 99% 0.00151204
# target 99.9% 0.00152081
Sockets used: 16 (for perfect keepalive, would be 16)
Uniform: false, Jitter: false, Catchup allowed: true
IP addresses distribution:
10.102.121.113:8080: 16
Code 200 : 226994 (100.0 %)
Response Header Sizes : count 226994 avg 233.00001 +/- 0.003635 min 233 max 234 sum 52889605
Response Body/Total Sizes : count 226994 avg 233.00001 +/- 0.003635 min 233 max 234 sum 52889605
All done 226994 calls (plus 16 warmup) 1.409 ms avg, 11349.1 qps
