{"ts":1788339270.232088,"level":"info","r":1,"file":"scli.go","line":124,"msg":"Starting","command":"Φορτίο","version":"1.75.2 h1:TzBLdqgF9XOyBG4zt/uK8V2QoRbYRPvXM/Ju196nsGA= go1.25.11 amd64 linux","go-max-procs":56}
Fortio 1.75.2 running at 5000 queries per second, 56->56 procs, for 20s: http://knb-lat-fortio-server-146003:8080/echo
{"ts":1788339270.232985,"level":"info","r":1,"file":"httprunner.go","line":121,"msg":"Starting http test","run":0,"url":"http://knb-lat-fortio-server-146003:8080/echo","threads":16,"qps":"5000.0","warmup":"parallel","conn-reuse":""}
Starting at 5000 qps with 16 thread(s) [gomax 56] for 20s : 6250 calls each (total 100000)
{"ts":1788339290.850504,"level":"info","r":176,"file":"periodic.go","line":882,"msg":"T014 ended after 20.001968898s : 6250 calls. qps=312.46923899701386"}
{"ts":1788339290.850591,"level":"info","r":173,"file":"periodic.go","line":882,"msg":"T011 ended after 20.002071703s : 6250 calls. qps=312.46763299336624"}
{"ts":1788339290.850612,"level":"info","r":167,"file":"periodic.go","line":882,"msg":"T005 ended after 20.002082997s : 6250 calls. qps=312.4674565612693"}
{"ts":1788339290.850616,"level":"info","r":166,"file":"periodic.go","line":882,"msg":"T004 ended after 20.002078235s : 6250 calls. qps=312.4675309520406"}
{"ts":1788339290.850691,"level":"info","r":168,"file":"periodic.go","line":882,"msg":"T006 ended after 20.002172067s : 6250 calls. qps=312.46606513856466"}
{"ts":1788339290.850697,"level":"info","r":165,"file":"periodic.go","line":882,"msg":"T003 ended after 20.002177217s : 6250 calls. qps=312.4659846873109"}
{"ts":1788339290.850717,"level":"info","r":163,"file":"periodic.go","line":882,"msg":"T001 ended after 20.002192212s : 6250 calls. qps=312.46575044161466"}
{"ts":1788339290.850713,"level":"info","r":171,"file":"periodic.go","line":882,"msg":"T009 ended after 20.002187376s : 6250 calls. qps=312.4658259875708"}
{"ts":1788339290.850760,"level":"info","r":289,"file":"periodic.go","line":882,"msg":"T015 ended after 20.002236132s : 6250 calls. qps=312.46506434353694"}
{"ts":1788339290.850788,"level":"info","r":164,"file":"periodic.go","line":882,"msg":"T002 ended after 20.002268444s : 6250 calls. qps=312.46455958223015"}
{"ts":1788339290.853879,"level":"info","r":162,"file":"periodic.go","line":882,"msg":"T000 ended after 20.00534806s : 6250 calls. qps=312.41645890164034"}
{"ts":1788339290.853947,"level":"info","r":175,"file":"periodic.go","line":882,"msg":"T013 ended after 20.005424478s : 6250 calls. qps=312.41526551326797"}
{"ts":1788339290.853953,"level":"info","r":169,"file":"periodic.go","line":882,"msg":"T007 ended after 20.005429733s : 6250 calls. qps=312.41518344843644"}
{"ts":1788339290.854046,"level":"info","r":172,"file":"periodic.go","line":882,"msg":"T010 ended after 20.005523636s : 6250 calls. qps=312.41371701728946"}
{"ts":1788339290.854092,"level":"info","r":170,"file":"periodic.go","line":882,"msg":"T008 ended after 20.005572052s : 6250 calls. qps=312.41296093680927"}
{"ts":1788339290.854091,"level":"info","r":174,"file":"periodic.go","line":882,"msg":"T012 ended after 20.005570762s : 6250 calls. qps=312.4129810818341"}
Ended after 20.005602612s : 100000 calls. qps=4998.6
{"ts":1788339290.854180,"level":"info","r":1,"file":"periodic.go","line":598,"msg":"Run ended","run":0,"elapsed":20005602612,"calls":100000,"qps":4998.599739255882}
Sleep times : count 99984 avg 0.00054296458 +/- 0.006717 min -0.233541557 max 0.002432036 sum 54.287771
Aggregated Function Time : count 100000 avg 0.0016508844 +/- 0.001047 min 0.000507476 max 0.209186498 sum 165.088436
# range, mid point, percentile, count
>= 0.000507476 <= 0.0006 , 0.000553738 , 0.04, 36
> 0.0006 <= 0.0007 , 0.00065 , 0.07, 38
> 0.0007 <= 0.0008 , 0.00075 , 0.19, 117
> 0.0008 <= 0.0009 , 0.00085 , 0.72, 533
> 0.0009 <= 0.001 , 0.00095 , 1.76, 1040
> 0.001 <= 0.0012 , 0.0011 , 7.87, 6110
> 0.0012 <= 0.0014 , 0.0013 , 25.40, 17523
> 0.0014 <= 0.0016 , 0.0015 , 48.36, 22967
> 0.0016 <= 0.0018 , 0.0017 , 73.47, 25109
> 0.0018 <= 0.002 , 0.0019 , 88.92, 15450
> 0.002 <= 0.0025 , 0.00225 , 97.92, 8999
> 0.0025 <= 0.003 , 0.00275 , 99.18, 1257
> 0.003 <= 0.0035 , 0.00325 , 99.46, 277
> 0.0035 <= 0.004 , 0.00375 , 99.58, 120
> 0.004 <= 0.0045 , 0.00425 , 99.64, 61
> 0.0045 <= 0.005 , 0.00475 , 99.71, 71
> 0.005 <= 0.006 , 0.0055 , 99.81, 107
> 0.006 <= 0.007 , 0.0065 , 99.84, 28
> 0.007 <= 0.008 , 0.0075 , 99.88, 40
> 0.008 <= 0.009 , 0.0085 , 99.94, 60
> 0.009 <= 0.01 , 0.0095 , 99.96, 13
> 0.01 <= 0.02 , 0.015 , 100.00, 42
> 0.2 <= 0.209186 , 0.204593 , 100.00, 2
# target 50% 0.00161303
# target 75% 0.00181977
# target 90% 0.00205984
# target 99% 0.0029288
# target 99.9% 0.00828333
Error cases : no data
# Socket and IP used for each connection:
[0]   1 socket used, resolved to 10.106.11.82:8080, connection timing : count 1 avg 0.001118906 +/- 0 min 0.001118906 max 0.001118906 sum 0.001118906
[1]   1 socket used, resolved to 10.106.11.82:8080, connection timing : count 1 avg 0.001188035 +/- 0 min 0.001188035 max 0.001188035 sum 0.001188035
[2]   1 socket used, resolved to 10.106.11.82:8080, connection timing : count 1 avg 0.001071091 +/- 0 min 0.001071091 max 0.001071091 sum 0.001071091
[3]   1 socket used, resolved to 10.106.11.82:8080, connection timing : count 1 avg 0.000614504 +/- 0 min 0.000614504 max 0.000614504 sum 0.000614504
[4]   1 socket used, resolved to 10.106.11.82:8080, connection timing : count 1 avg 0.001114667 +/- 0 min 0.001114667 max 0.001114667 sum 0.001114667
[5]   1 socket used, resolved to 10.106.11.82:8080, connection timing : count 1 avg 0.000387342 +/- 0 min 0.000387342 max 0.000387342 sum 0.000387342
[6]   1 socket used, resolved to 10.106.11.82:8080, connection timing : count 1 avg 0.000894219 +/- 0 min 0.000894219 max 0.000894219 sum 0.000894219
[7]   1 socket used, resolved to 10.106.11.82:8080, connection timing : count 1 avg 0.000746966 +/- 0 min 0.000746966 max 0.000746966 sum 0.000746966
[8]   1 socket used, resolved to 10.106.11.82:8080, connection timing : count 1 avg 0.000483793 +/- 0 min 0.000483793 max 0.000483793 sum 0.000483793
[9]   1 socket used, resolved to 10.106.11.82:8080, connection timing : count 1 avg 0.000410091 +/- 0 min 0.000410091 max 0.000410091 sum 0.000410091
[10]   1 socket used, resolved to 10.106.11.82:8080, connection timing : count 1 avg 0.000399974 +/- 0 min 0.000399974 max 0.000399974 sum 0.000399974
[11]   1 socket used, resolved to 10.106.11.82:8080, connection timing : count 1 avg 0.000634862 +/- 0 min 0.000634862 max 0.000634862 sum 0.000634862
[12]   1 socket used, resolved to 10.106.11.82:8080, connection timing : count 1 avg 0.000210154 +/- 0 min 0.000210154 max 0.000210154 sum 0.000210154
[13]   1 socket used, resolved to 10.106.11.82:8080, connection timing : count 1 avg 0.000324592 +/- 0 min 0.000324592 max 0.000324592 sum 0.000324592
[14]   1 socket used, resolved to 10.106.11.82:8080, connection timing : count 1 avg 0.00046161 +/- 0 min 0.00046161 max 0.00046161 sum 0.00046161
[15]   1 socket used, resolved to 10.106.11.82:8080, connection timing : count 1 avg 0.001162614 +/- 0 min 0.001162614 max 0.001162614 sum 0.001162614
Connection time histogram (s) : count 16 avg 0.00070146375 +/- 0.0003303 min 0.000210154 max 0.001188035 sum 0.01122342
# range, mid point, percentile, count
>= 0.000210154 <= 0.00025 , 0.000230077 , 6.25, 1
> 0.0003 <= 0.00035 , 0.000325 , 12.50, 1
> 0.00035 <= 0.0004 , 0.000375 , 25.00, 2
> 0.0004 <= 0.00045 , 0.000425 , 31.25, 1
> 0.00045 <= 0.0005 , 0.000475 , 43.75, 2
> 0.0006 <= 0.0007 , 0.00065 , 56.25, 2
> 0.0007 <= 0.0008 , 0.00075 , 62.50, 1
> 0.0008 <= 0.0009 , 0.00085 , 68.75, 1
> 0.001 <= 0.00118804 , 0.00109402 , 100.00, 5
# target 50% 0.00065
# target 75% 0.00103761
# target 90% 0.00112786
# target 99% 0.00118202
# target 99.9% 0.00118743
Sockets used: 16 (for perfect keepalive, would be 16)
Uniform: false, Jitter: false, Catchup allowed: true
IP addresses distribution:
10.106.11.82:8080: 16
Code 200 : 100000 (100.0 %)
Response Header Sizes : count 100000 avg 233.00007 +/- 0.01049 min 233 max 235 sum 23300007
Response Body/Total Sizes : count 100000 avg 233.00007 +/- 0.01049 min 233 max 235 sum 23300007
All done 100000 calls (plus 16 warmup) 1.651 ms avg, 4998.6 qps
