{"ts":1788339168.708325,"level":"info","r":1,"file":"scli.go","line":124,"msg":"Starting","command":"Φορτίο","version":"1.75.2 h1:TzBLdqgF9XOyBG4zt/uK8V2QoRbYRPvXM/Ju196nsGA= go1.25.11 amd64 linux","go-max-procs":56}
Fortio 1.75.2 running at 5000 queries per second, 56->56 procs, for 20s: http://10.8.9.181:8080/echo
{"ts":1788339168.709150,"level":"info","r":1,"file":"httprunner.go","line":121,"msg":"Starting http test","run":0,"url":"http://10.8.9.181:8080/echo","threads":16,"qps":"5000.0","warmup":"parallel","conn-reuse":""}
Starting at 5000 qps with 16 thread(s) [gomax 56] for 20s : 6250 calls each (total 100000)
{"ts":1788339188.854985,"level":"info","r":177,"file":"periodic.go","line":882,"msg":"T000 ended after 20.000664376s : 6250 calls. qps=312.48961946982877"}
{"ts":1788339188.855036,"level":"info","r":179,"file":"periodic.go","line":882,"msg":"T002 ended after 20.000729937s : 6250 calls. qps=312.4885951506161"}
{"ts":1788339188.855072,"level":"info","r":189,"file":"periodic.go","line":882,"msg":"T012 ended after 20.000765532s : 6250 calls. qps=312.48803902032563"}
{"ts":1788339188.855088,"level":"info","r":187,"file":"periodic.go","line":882,"msg":"T010 ended after 20.000781088s : 6250 calls. qps=312.4877959766208"}
{"ts":1788339188.855102,"level":"info","r":191,"file":"periodic.go","line":882,"msg":"T014 ended after 20.000796627s : 6250 calls. qps=312.4875531988979"}
{"ts":1788339188.855209,"level":"info","r":192,"file":"periodic.go","line":882,"msg":"T015 ended after 20.000902424s : 6250 calls. qps=312.4859002611971"}
{"ts":1788339188.855235,"level":"info","r":182,"file":"periodic.go","line":882,"msg":"T005 ended after 20.000928128s : 6250 calls. qps=312.48549867295435"}
{"ts":1788339188.855246,"level":"info","r":184,"file":"periodic.go","line":882,"msg":"T007 ended after 20.000932692s : 6250 calls. qps=312.4854273670889"}
{"ts":1788339188.855264,"level":"info","r":180,"file":"periodic.go","line":882,"msg":"T003 ended after 20.000949896s : 6250 calls. qps=312.48515857989025"}
{"ts":1788339188.855286,"level":"info","r":178,"file":"periodic.go","line":882,"msg":"T001 ended after 20.000979413s : 6250 calls. qps=312.48469742125224"}
{"ts":1788339188.855260,"level":"info","r":188,"file":"periodic.go","line":882,"msg":"T011 ended after 20.000942241s : 6250 calls. qps=312.4852781779502"}
{"ts":1788339188.855280,"level":"info","r":181,"file":"periodic.go","line":882,"msg":"T004 ended after 20.000972934s : 6250 calls. qps=312.48479864574574"}
{"ts":1788339188.855286,"level":"info","r":190,"file":"periodic.go","line":882,"msg":"T013 ended after 20.000972745s : 6250 calls. qps=312.4848015985835"}
{"ts":1788339188.855322,"level":"info","r":183,"file":"periodic.go","line":882,"msg":"T006 ended after 20.001015053s : 6250 calls. qps=312.4841406017815"}
{"ts":1788339188.855345,"level":"info","r":185,"file":"periodic.go","line":882,"msg":"T008 ended after 20.001037562s : 6250 calls. qps=312.48378893474927"}
{"ts":1788339188.855351,"level":"info","r":186,"file":"periodic.go","line":882,"msg":"T009 ended after 20.001042385s : 6250 calls. qps=312.48371358321083"}
Ended after 20.001072348s : 100000 calls. qps=4999.7
{"ts":1788339188.855417,"level":"info","r":1,"file":"periodic.go","line":598,"msg":"Run ended","run":0,"elapsed":20001072348,"calls":100000,"qps":4999.731927373357}
Sleep times : count 99984 avg 0.0019323346 +/- 0.001161 min -0.030205396 max 0.002860743 sum 193.202547
Aggregated Function Time : count 100000 avg 0.00058182403 +/- 0.0003856 min 0.000250979 max 0.015873011 sum 58.1824034
# range, mid point, percentile, count
>= 0.000250979 <= 0.0003 , 0.00027549 , 0.18, 184
> 0.0003 <= 0.00035 , 0.000325 , 2.49, 2306
> 0.00035 <= 0.0004 , 0.000375 , 9.34, 6851
> 0.0004 <= 0.00045 , 0.000425 , 20.89, 11553
> 0.00045 <= 0.0005 , 0.000475 , 35.05, 14153
> 0.0005 <= 0.0006 , 0.00055 , 64.38, 29333
> 0.0006 <= 0.0007 , 0.00065 , 85.95, 21573
> 0.0007 <= 0.0008 , 0.00075 , 94.86, 8909
> 0.0008 <= 0.0009 , 0.00085 , 97.60, 2739
> 0.0009 <= 0.001 , 0.00095 , 98.49, 889
> 0.001 <= 0.0012 , 0.0011 , 99.18, 686
> 0.0012 <= 0.0014 , 0.0013 , 99.48, 301
> 0.0014 <= 0.0016 , 0.0015 , 99.58, 102
> 0.0016 <= 0.0018 , 0.0017 , 99.62, 46
> 0.0018 <= 0.002 , 0.0019 , 99.67, 41
> 0.002 <= 0.0025 , 0.00225 , 99.72, 55
> 0.0025 <= 0.003 , 0.00275 , 99.76, 40
> 0.003 <= 0.0035 , 0.00325 , 99.78, 18
> 0.0035 <= 0.004 , 0.00375 , 99.82, 41
> 0.004 <= 0.0045 , 0.00425 , 99.85, 29
> 0.0045 <= 0.005 , 0.00475 , 99.86, 9
> 0.005 <= 0.006 , 0.0055 , 99.88, 20
> 0.006 <= 0.007 , 0.0065 , 99.89, 10
> 0.007 <= 0.008 , 0.0075 , 99.90, 12
> 0.008 <= 0.009 , 0.0085 , 99.94, 35
> 0.009 <= 0.01 , 0.0095 , 99.96, 25
> 0.01 <= 0.015873 , 0.0129365 , 100.00, 40
# target 50% 0.000550977
# target 75% 0.000649228
# target 90% 0.000745426
# target 99% 0.00114869
# target 99.9% 0.008
Error cases : no data
# Socket and IP used for each connection:
[0]   1 socket used, resolved to 10.8.9.181:8080, connection timing : count 1 avg 0.000235991 +/- 0 min 0.000235991 max 0.000235991 sum 0.000235991
[1]   1 socket used, resolved to 10.8.9.181:8080, connection timing : count 1 avg 0.000291377 +/- 0 min 0.000291377 max 0.000291377 sum 0.000291377
[2]   1 socket used, resolved to 10.8.9.181:8080, connection timing : count 1 avg 0.000843898 +/- 0 min 0.000843898 max 0.000843898 sum 0.000843898
[3]   1 socket used, resolved to 10.8.9.181:8080, connection timing : count 1 avg 0.000341857 +/- 0 min 0.000341857 max 0.000341857 sum 0.000341857
[4]   1 socket used, resolved to 10.8.9.181:8080, connection timing : count 1 avg 0.000215474 +/- 0 min 0.000215474 max 0.000215474 sum 0.000215474
[5]   1 socket used, resolved to 10.8.9.181:8080, connection timing : count 1 avg 0.000770606 +/- 0 min 0.000770606 max 0.000770606 sum 0.000770606
[6]   1 socket used, resolved to 10.8.9.181:8080, connection timing : count 1 avg 0.000264227 +/- 0 min 0.000264227 max 0.000264227 sum 0.000264227
[7]   1 socket used, resolved to 10.8.9.181:8080, connection timing : count 1 avg 0.000171918 +/- 0 min 0.000171918 max 0.000171918 sum 0.000171918
[8]   1 socket used, resolved to 10.8.9.181:8080, connection timing : count 1 avg 0.000710212 +/- 0 min 0.000710212 max 0.000710212 sum 0.000710212
[9]   1 socket used, resolved to 10.8.9.181:8080, connection timing : count 1 avg 0.000978369 +/- 0 min 0.000978369 max 0.000978369 sum 0.000978369
[10]   1 socket used, resolved to 10.8.9.181:8080, connection timing : count 1 avg 0.000143522 +/- 0 min 0.000143522 max 0.000143522 sum 0.000143522
[11]   1 socket used, resolved to 10.8.9.181:8080, connection timing : count 1 avg 8.3871e-05 +/- 0 min 8.3871e-05 max 8.3871e-05 sum 8.3871e-05
[12]   1 socket used, resolved to 10.8.9.181:8080, connection timing : count 1 avg 0.000231677 +/- 0 min 0.000231677 max 0.000231677 sum 0.000231677
[13]   1 socket used, resolved to 10.8.9.181:8080, connection timing : count 1 avg 0.000628176 +/- 0 min 0.000628176 max 0.000628176 sum 0.000628176
[14]   1 socket used, resolved to 10.8.9.181:8080, connection timing : count 1 avg 0.000697512 +/- 0 min 0.000697512 max 0.000697512 sum 0.000697512
[15]   1 socket used, resolved to 10.8.9.181:8080, connection timing : count 1 avg 0.000234267 +/- 0 min 0.000234267 max 0.000234267 sum 0.000234267
Connection time histogram (s) : count 16 avg 0.00042768463 +/- 0.0002808 min 8.3871e-05 max 0.000978369 sum 0.006842954
# range, mid point, percentile, count
>= 8.3871e-05 <= 9e-05 , 8.69355e-05 , 6.25, 1
> 0.00014 <= 0.00016 , 0.00015 , 12.50, 1
> 0.00016 <= 0.00018 , 0.00017 , 18.75, 1
> 0.0002 <= 0.00025 , 0.000225 , 43.75, 4
> 0.00025 <= 0.0003 , 0.000275 , 56.25, 2
> 0.0003 <= 0.00035 , 0.000325 , 62.50, 1
> 0.0006 <= 0.0007 , 0.00065 , 75.00, 2
> 0.0007 <= 0.0008 , 0.00075 , 87.50, 2
> 0.0008 <= 0.0009 , 0.00085 , 93.75, 1
> 0.0009 <= 0.000978369 , 0.000939184 , 100.00, 1
# target 50% 0.000275
# target 75% 0.0007
# target 90% 0.00084
# target 99% 0.00096583
# target 99.9% 0.000977115
Sockets used: 16 (for perfect keepalive, would be 16)
Uniform: false, Jitter: false, Catchup allowed: true
IP addresses distribution:
10.8.9.181:8080: 16
Code 200 : 100000 (100.0 %)
Response Header Sizes : count 100000 avg 75 +/- 0 min 75 max 75 sum 7500000
Response Body/Total Sizes : count 100000 avg 75 +/- 0 min 75 max 75 sum 7500000
All done 100000 calls (plus 16 warmup) 0.582 ms avg, 4999.7 qps
