{"ts":1788522451.523113,"level":"info","r":1,"file":"scli.go","line":124,"msg":"Starting","command":"Φορτίο","version":"1.75.2 h1:TzBLdqgF9XOyBG4zt/uK8V2QoRbYRPvXM/Ju196nsGA= go1.25.11 amd64 linux","go-max-procs":56}
Fortio 1.75.2 running at 5000 queries per second, 56->56 procs, for 20s: http://10.8.9.129:8080/echo
{"ts":1788522451.525321,"level":"info","r":1,"file":"httprunner.go","line":121,"msg":"Starting http test","run":0,"url":"http://10.8.9.129:8080/echo","threads":16,"qps":"5000.0","warmup":"parallel","conn-reuse":""}
Starting at 5000 qps with 16 thread(s) [gomax 56] for 20s : 6250 calls each (total 100000)
{"ts":1788522471.651376,"level":"info","r":241,"file":"periodic.go","line":882,"msg":"T014 ended after 20.002001944s : 6250 calls. qps=312.4687227557646"}
{"ts":1788522471.651491,"level":"info","r":119,"file":"periodic.go","line":882,"msg":"T004 ended after 20.002131152s : 6250 calls. qps=312.4667042979101"}
{"ts":1788522471.651604,"level":"info","r":124,"file":"periodic.go","line":882,"msg":"T009 ended after 20.00224628s : 6250 calls. qps=312.4649058165681"}
{"ts":1788522471.651640,"level":"info","r":126,"file":"periodic.go","line":882,"msg":"T011 ended after 20.002282691s : 6250 calls. qps=312.46433702350276"}
{"ts":1788522471.651656,"level":"info","r":127,"file":"periodic.go","line":882,"msg":"T012 ended after 20.002285951s : 6250 calls. qps=312.46428609763655"}
{"ts":1788522471.651683,"level":"info","r":122,"file":"periodic.go","line":882,"msg":"T007 ended after 20.002316492s : 6250 calls. qps=312.4638090043076"}
{"ts":1788522471.651660,"level":"info","r":118,"file":"periodic.go","line":882,"msg":"T003 ended after 20.002296655s : 6250 calls. qps=312.464118885952"}
{"ts":1788522471.651865,"level":"info","r":242,"file":"periodic.go","line":882,"msg":"T015 ended after 20.002507608s : 6250 calls. qps=312.4608235369606"}
{"ts":1788522471.652184,"level":"info","r":128,"file":"periodic.go","line":882,"msg":"T013 ended after 20.00282781s : 6250 calls. qps=312.4558217151398"}
{"ts":1788522471.652516,"level":"info","r":120,"file":"periodic.go","line":882,"msg":"T005 ended after 20.003158962s : 6250 calls. qps=312.4506490136445"}
{"ts":1788522471.652554,"level":"info","r":121,"file":"periodic.go","line":882,"msg":"T006 ended after 20.003196119s : 6250 calls. qps=312.45006861995665"}
{"ts":1788522471.652764,"level":"info","r":116,"file":"periodic.go","line":882,"msg":"T001 ended after 20.00340612s : 6250 calls. qps=312.4467884372484"}
{"ts":1788522471.652816,"level":"info","r":115,"file":"periodic.go","line":882,"msg":"T000 ended after 20.00346024s : 6250 calls. qps=312.445943102492"}
{"ts":1788522471.652855,"level":"info","r":123,"file":"periodic.go","line":882,"msg":"T008 ended after 20.00349868s : 6250 calls. qps=312.4453426864225"}
{"ts":1788522471.652865,"level":"info","r":117,"file":"periodic.go","line":882,"msg":"T002 ended after 20.003505303s : 6250 calls. qps=312.44523923827813"}
{"ts":1788522471.652887,"level":"info","r":125,"file":"periodic.go","line":882,"msg":"T010 ended after 20.003509131s : 6250 calls. qps=312.4451794467501"}
Ended after 20.003583261s : 100000 calls. qps=4999.1
{"ts":1788522471.652995,"level":"info","r":1,"file":"periodic.go","line":598,"msg":"Run ended","run":0,"elapsed":20003583261,"calls":100000,"qps":4999.104345218243}
Aggregated Sleep Time : count 99984 avg -0.0039260066 +/- 0.014 min -0.209800394 max 0.002464087 sum -392.537845
# range, mid point, percentile, count
>= -0.2098 <= -0.001 , -0.1054 , 26.27, 26261
> -0.001 <= 0 , -0.0005 , 51.48, 25206
> 0 <= 0.001 , 0.0005 , 89.16, 37675
> 0.001 <= 0.002 , 0.0015 , 99.81, 10657
> 0.002 <= 0.00246409 , 0.00223204 , 100.00, 185
# target 50% -5.85178e-05
WARNING 26.27% of sleep were falling behind
Aggregated Function Time : count 100000 avg 0.0026655591 +/- 0.001816 min 0.000529672 max 0.211956285 sum 266.555914
# range, mid point, percentile, count
>= 0.000529672 <= 0.0006 , 0.000564836 , 0.04, 41
> 0.0006 <= 0.0007 , 0.00065 , 0.22, 176
> 0.0007 <= 0.0008 , 0.00075 , 0.47, 254
> 0.0008 <= 0.0009 , 0.00085 , 0.80, 332
> 0.0009 <= 0.001 , 0.00095 , 1.26, 459
> 0.001 <= 0.0012 , 0.0011 , 2.71, 1447
> 0.0012 <= 0.0014 , 0.0013 , 5.22, 2514
> 0.0014 <= 0.0016 , 0.0015 , 9.78, 4560
> 0.0016 <= 0.0018 , 0.0017 , 16.39, 6610
> 0.0018 <= 0.002 , 0.0019 , 25.47, 9074
> 0.002 <= 0.0025 , 0.00225 , 49.70, 24235
> 0.0025 <= 0.003 , 0.00275 , 72.67, 22966
> 0.003 <= 0.0035 , 0.00325 , 88.21, 15539
> 0.0035 <= 0.004 , 0.00375 , 94.34, 6134
> 0.004 <= 0.0045 , 0.00425 , 96.63, 2288
> 0.0045 <= 0.005 , 0.00475 , 97.73, 1098
> 0.005 <= 0.006 , 0.0055 , 98.83, 1100
> 0.006 <= 0.007 , 0.0065 , 99.11, 281
> 0.007 <= 0.008 , 0.0075 , 99.27, 162
> 0.008 <= 0.009 , 0.0085 , 99.38, 106
> 0.009 <= 0.01 , 0.0095 , 99.44, 66
> 0.01 <= 0.02 , 0.015 , 99.88, 436
> 0.02 <= 0.03 , 0.025 , 99.98, 103
> 0.03 <= 0.04 , 0.035 , 100.00, 16
> 0.2 <= 0.211956 , 0.205978 , 100.00, 3
# target 50% 0.00250649
# target 75% 0.00307504
# target 90% 0.00364615
# target 99% 0.00661566
# target 99.9% 0.0221359
Error cases : no data
# Socket and IP used for each connection:
[0]   1 socket used, resolved to 10.8.9.129:8080, connection timing : count 1 avg 0.000408526 +/- 0 min 0.000408526 max 0.000408526 sum 0.000408526
[1]   1 socket used, resolved to 10.8.9.129:8080, connection timing : count 1 avg 0.000963828 +/- 0 min 0.000963828 max 0.000963828 sum 0.000963828
[2]   1 socket used, resolved to 10.8.9.129:8080, connection timing : count 1 avg 0.000261855 +/- 0 min 0.000261855 max 0.000261855 sum 0.000261855
[3]   1 socket used, resolved to 10.8.9.129:8080, connection timing : count 1 avg 0.00105674 +/- 0 min 0.00105674 max 0.00105674 sum 0.00105674
[4]   1 socket used, resolved to 10.8.9.129:8080, connection timing : count 1 avg 0.00029966 +/- 0 min 0.00029966 max 0.00029966 sum 0.00029966
[5]   1 socket used, resolved to 10.8.9.129:8080, connection timing : count 1 avg 0.001040517 +/- 0 min 0.001040517 max 0.001040517 sum 0.001040517
[6]   1 socket used, resolved to 10.8.9.129:8080, connection timing : count 1 avg 0.000221328 +/- 0 min 0.000221328 max 0.000221328 sum 0.000221328
[7]   1 socket used, resolved to 10.8.9.129:8080, connection timing : count 1 avg 0.000958088 +/- 0 min 0.000958088 max 0.000958088 sum 0.000958088
[8]   1 socket used, resolved to 10.8.9.129:8080, connection timing : count 1 avg 0.000293196 +/- 0 min 0.000293196 max 0.000293196 sum 0.000293196
[9]   1 socket used, resolved to 10.8.9.129:8080, connection timing : count 1 avg 0.000254638 +/- 0 min 0.000254638 max 0.000254638 sum 0.000254638
[10]   1 socket used, resolved to 10.8.9.129:8080, connection timing : count 1 avg 0.000288522 +/- 0 min 0.000288522 max 0.000288522 sum 0.000288522
[11]   1 socket used, resolved to 10.8.9.129:8080, connection timing : count 1 avg 0.000768037 +/- 0 min 0.000768037 max 0.000768037 sum 0.000768037
[12]   1 socket used, resolved to 10.8.9.129:8080, connection timing : count 1 avg 0.000212227 +/- 0 min 0.000212227 max 0.000212227 sum 0.000212227
[13]   1 socket used, resolved to 10.8.9.129:8080, connection timing : count 1 avg 0.000644477 +/- 0 min 0.000644477 max 0.000644477 sum 0.000644477
[14]   1 socket used, resolved to 10.8.9.129:8080, connection timing : count 1 avg 0.000249978 +/- 0 min 0.000249978 max 0.000249978 sum 0.000249978
[15]   1 socket used, resolved to 10.8.9.129:8080, connection timing : count 1 avg 0.000990181 +/- 0 min 0.000990181 max 0.000990181 sum 0.000990181
Connection time histogram (s) : count 16 avg 0.00055698737 +/- 0.0003339 min 0.000212227 max 0.00105674 sum 0.008911798
# range, mid point, percentile, count
>= 0.000212227 <= 0.00025 , 0.000231114 , 18.75, 3
> 0.00025 <= 0.0003 , 0.000275 , 50.00, 5
> 0.0004 <= 0.00045 , 0.000425 , 56.25, 1
> 0.0006 <= 0.0007 , 0.00065 , 62.50, 1
> 0.0007 <= 0.0008 , 0.00075 , 68.75, 1
> 0.0009 <= 0.001 , 0.00095 , 87.50, 3
> 0.001 <= 0.00105674 , 0.00102837 , 100.00, 2
# target 50% 0.0003
# target 75% 0.000933333
# target 90% 0.00101135
# target 99% 0.0010522
# target 99.9% 0.00105629
Sockets used: 16 (for perfect keepalive, would be 16)
Uniform: false, Jitter: false, Catchup allowed: true
IP addresses distribution:
10.8.9.129:8080: 16
Code 200 : 100000 (100.0 %)
Response Header Sizes : count 100000 avg 124.00425 +/- 0.06551 min 124 max 126 sum 12400425
Response Body/Total Sizes : count 100000 avg 124.00425 +/- 0.06551 min 124 max 126 sum 12400425
All done 100000 calls (plus 16 warmup) 2.666 ms avg, 4999.1 qps
