{"ts":1788522489.179537,"level":"info","r":1,"file":"scli.go","line":124,"msg":"Starting","command":"Φορτίο","version":"1.75.2 h1:TzBLdqgF9XOyBG4zt/uK8V2QoRbYRPvXM/Ju196nsGA= go1.25.11 amd64 linux","go-max-procs":56}
Fortio 1.75.2 running at 5000 queries per second, 56->56 procs, for 20s: http://knb-lat-fortio-server-172205:8080/echo
{"ts":1788522489.180389,"level":"info","r":1,"file":"httprunner.go","line":121,"msg":"Starting http test","run":0,"url":"http://knb-lat-fortio-server-172205:8080/echo","threads":16,"qps":"5000.0","warmup":"parallel","conn-reuse":""}
Starting at 5000 qps with 16 thread(s) [gomax 56] for 20s : 6250 calls each (total 100000)
{"ts":1788522509.231127,"level":"info","r":241,"file":"periodic.go","line":882,"msg":"T006 ended after 20.002048094s : 6250 calls. qps=312.4680018080153"}
{"ts":1788522509.231128,"level":"info","r":109,"file":"periodic.go","line":882,"msg":"T002 ended after 20.002045008s : 6250 calls. qps=312.46805001689853"}
{"ts":1788522509.231138,"level":"info","r":107,"file":"periodic.go","line":882,"msg":"T000 ended after 20.002065916s : 6250 calls. qps=312.46772339653756"}
{"ts":1788522509.231140,"level":"info","r":242,"file":"periodic.go","line":882,"msg":"T007 ended after 20.002067192s : 6250 calls. qps=312.46770346315714"}
{"ts":1788522509.231327,"level":"info","r":110,"file":"periodic.go","line":882,"msg":"T003 ended after 20.002256395s : 6250 calls. qps=312.4647478052688"}
{"ts":1788522509.231355,"level":"info","r":243,"file":"periodic.go","line":882,"msg":"T008 ended after 20.002288417s : 6250 calls. qps=312.4642475751979"}
{"ts":1788522509.231442,"level":"info","r":246,"file":"periodic.go","line":882,"msg":"T011 ended after 20.002376147s : 6250 calls. qps=312.4628771135968"}
{"ts":1788522509.231472,"level":"info","r":112,"file":"periodic.go","line":882,"msg":"T005 ended after 20.00240595s : 6250 calls. qps=312.4624115530462"}
{"ts":1788522509.231549,"level":"info","r":247,"file":"periodic.go","line":882,"msg":"T012 ended after 20.002483648s : 6250 calls. qps=312.46119781854804"}
{"ts":1788522509.231571,"level":"info","r":249,"file":"periodic.go","line":882,"msg":"T014 ended after 20.002505267s : 6250 calls. qps=312.46086010591927"}
{"ts":1788522509.231780,"level":"info","r":245,"file":"periodic.go","line":882,"msg":"T010 ended after 20.002715104s : 6250 calls. qps=312.457582258429"}
{"ts":1788522509.231800,"level":"info","r":244,"file":"periodic.go","line":882,"msg":"T009 ended after 20.002735505s : 6250 calls. qps=312.4572635796596"}
{"ts":1788522509.231815,"level":"info","r":108,"file":"periodic.go","line":882,"msg":"T001 ended after 20.002747168s : 6250 calls. qps=312.4570813952309"}
{"ts":1788522509.231829,"level":"info","r":248,"file":"periodic.go","line":882,"msg":"T013 ended after 20.002759958s : 6250 calls. qps=312.4568816064978"}
{"ts":1788522509.231844,"level":"info","r":111,"file":"periodic.go","line":882,"msg":"T004 ended after 20.002777663s : 6250 calls. qps=312.4566050424534"}
{"ts":1788522509.231847,"level":"info","r":250,"file":"periodic.go","line":882,"msg":"T015 ended after 20.002779787s : 6250 calls. qps=312.4565718641733"}
Ended after 20.00280273s : 100000 calls. qps=4999.3
{"ts":1788522509.231918,"level":"info","r":1,"file":"periodic.go","line":598,"msg":"Run ended","run":0,"elapsed":20002802730,"calls":100000,"qps":4999.299415677435}
Aggregated Sleep Time : count 99984 avg -0.0031853943 +/- 0.01672 min -0.209673561 max 0.002333821 sum -318.488467
# range, mid point, percentile, count
>= -0.209674 <= -0.001 , -0.105337 , 17.63, 17623
> -0.001 <= 0 , -0.0005 , 43.43, 25798
> 0 <= 0.001 , 0.0005 , 88.99, 45555
> 0.001 <= 0.002 , 0.0015 , 99.89, 10902
> 0.002 <= 0.00233382 , 0.00216691 , 100.00, 106
# target 50% 0.000144243
WARNING 17.63% of sleep were falling behind
Aggregated Function Time : count 100000 avg 0.0025635513 +/- 0.002619 min 0.000566749 max 0.212447097 sum 256.355128
# range, mid point, percentile, count
>= 0.000566749 <= 0.0006 , 0.000583374 , 0.01, 6
> 0.0006 <= 0.0007 , 0.00065 , 0.03, 27
> 0.0007 <= 0.0008 , 0.00075 , 0.09, 61
> 0.0008 <= 0.0009 , 0.00085 , 0.21, 113
> 0.0009 <= 0.001 , 0.00095 , 0.41, 206
> 0.001 <= 0.0012 , 0.0011 , 1.38, 970
> 0.0012 <= 0.0014 , 0.0013 , 3.56, 2174
> 0.0014 <= 0.0016 , 0.0015 , 8.22, 4660
> 0.0016 <= 0.0018 , 0.0017 , 15.54, 7328
> 0.0018 <= 0.002 , 0.0019 , 26.24, 10694
> 0.002 <= 0.0025 , 0.00225 , 54.01, 27775
> 0.0025 <= 0.003 , 0.00275 , 80.33, 26314
> 0.003 <= 0.0035 , 0.00325 , 94.48, 14148
> 0.0035 <= 0.004 , 0.00375 , 98.07, 3593
> 0.004 <= 0.0045 , 0.00425 , 98.91, 845
> 0.0045 <= 0.005 , 0.00475 , 99.12, 206
> 0.005 <= 0.006 , 0.0055 , 99.28, 159
> 0.006 <= 0.007 , 0.0065 , 99.35, 73
> 0.007 <= 0.008 , 0.0075 , 99.40, 52
> 0.008 <= 0.009 , 0.0085 , 99.45, 50
> 0.009 <= 0.01 , 0.0095 , 99.48, 22
> 0.01 <= 0.02 , 0.015 , 99.75, 277
> 0.02 <= 0.03 , 0.025 , 99.97, 220
> 0.03 <= 0.04 , 0.035 , 99.99, 16
> 0.2 <= 0.212447 , 0.206224 , 100.00, 11
# target 50% 0.00242774
# target 75% 0.00289876
# target 90% 0.00334182
# target 99% 0.00470874
# target 99.9% 0.0266818
Error cases : no data
# Socket and IP used for each connection:
[0]   1 socket used, resolved to 10.110.80.170:8080, connection timing : count 1 avg 0.000128502 +/- 0 min 0.000128502 max 0.000128502 sum 0.000128502
[1]   1 socket used, resolved to 10.110.80.170:8080, connection timing : count 1 avg 0.000151046 +/- 0 min 0.000151046 max 0.000151046 sum 0.000151046
[2]   1 socket used, resolved to 10.110.80.170:8080, connection timing : count 1 avg 0.000336595 +/- 0 min 0.000336595 max 0.000336595 sum 0.000336595
[3]   1 socket used, resolved to 10.110.80.170:8080, connection timing : count 1 avg 0.000163893 +/- 0 min 0.000163893 max 0.000163893 sum 0.000163893
[4]   1 socket used, resolved to 10.110.80.170:8080, connection timing : count 1 avg 0.00011292 +/- 0 min 0.00011292 max 0.00011292 sum 0.00011292
[5]   1 socket used, resolved to 10.110.80.170:8080, connection timing : count 1 avg 0.000158791 +/- 0 min 0.000158791 max 0.000158791 sum 0.000158791
[6]   1 socket used, resolved to 10.110.80.170:8080, connection timing : count 1 avg 0.000153831 +/- 0 min 0.000153831 max 0.000153831 sum 0.000153831
[7]   1 socket used, resolved to 10.110.80.170:8080, connection timing : count 1 avg 0.000234885 +/- 0 min 0.000234885 max 0.000234885 sum 0.000234885
[8]   1 socket used, resolved to 10.110.80.170:8080, connection timing : count 1 avg 0.000166946 +/- 0 min 0.000166946 max 0.000166946 sum 0.000166946
[9]   1 socket used, resolved to 10.110.80.170:8080, connection timing : count 1 avg 0.000103931 +/- 0 min 0.000103931 max 0.000103931 sum 0.000103931
[10]   1 socket used, resolved to 10.110.80.170:8080, connection timing : count 1 avg 7.9122e-05 +/- 0 min 7.9122e-05 max 7.9122e-05 sum 7.9122e-05
[11]   1 socket used, resolved to 10.110.80.170:8080, connection timing : count 1 avg 0.00031232 +/- 0 min 0.00031232 max 0.00031232 sum 0.00031232
[12]   1 socket used, resolved to 10.110.80.170:8080, connection timing : count 1 avg 9.514e-05 +/- 0 min 9.514e-05 max 9.514e-05 sum 9.514e-05
[13]   1 socket used, resolved to 10.110.80.170:8080, connection timing : count 1 avg 8.789e-05 +/- 0 min 8.789e-05 max 8.789e-05 sum 8.789e-05
[14]   1 socket used, resolved to 10.110.80.170:8080, connection timing : count 1 avg 8.2433e-05 +/- 0 min 8.2433e-05 max 8.2433e-05 sum 8.2433e-05
[15]   1 socket used, resolved to 10.110.80.170:8080, connection timing : count 1 avg 0.000148489 +/- 0 min 0.000148489 max 0.000148489 sum 0.000148489
Connection time histogram (s) : count 16 avg 0.00015729588 +/- 7.438e-05 min 7.9122e-05 max 0.000336595 sum 0.002516734
# range, mid point, percentile, count
>= 7.9122e-05 <= 8e-05 , 7.9561e-05 , 6.25, 1
> 8e-05 <= 9e-05 , 8.5e-05 , 18.75, 2
> 9e-05 <= 0.0001 , 9.5e-05 , 25.00, 1
> 0.0001 <= 0.00011 , 0.000105 , 31.25, 1
> 0.00011 <= 0.00012 , 0.000115 , 37.50, 1
> 0.00012 <= 0.00014 , 0.00013 , 43.75, 1
> 0.00014 <= 0.00016 , 0.00015 , 68.75, 4
> 0.00016 <= 0.00018 , 0.00017 , 81.25, 2
> 0.0002 <= 0.00025 , 0.000225 , 87.50, 1
> 0.0003 <= 0.000336595 , 0.000318297 , 100.00, 2
# target 50% 0.000145
# target 75% 0.00017
# target 90% 0.000307319
# target 99% 0.000333667
# target 99.9% 0.000336302
Sockets used: 16 (for perfect keepalive, would be 16)
Uniform: false, Jitter: false, Catchup allowed: true
IP addresses distribution:
10.110.80.170:8080: 16
Code 200 : 100000 (100.0 %)
Response Header Sizes : count 100000 avg 124.00436 +/- 0.06754 min 124 max 126 sum 12400436
Response Body/Total Sizes : count 100000 avg 124.00436 +/- 0.06754 min 124 max 126 sum 12400436
All done 100000 calls (plus 16 warmup) 2.564 ms avg, 4999.3 qps
