{"ts":1788338757.631609,"level":"info","r":1,"file":"scli.go","line":124,"msg":"Starting","command":"Φορτίο","version":"1.75.2 h1:TzBLdqgF9XOyBG4zt/uK8V2QoRbYRPvXM/Ju196nsGA= go1.25.11 amd64 linux","go-max-procs":56}
Fortio 1.75.2 running at 5000 queries per second, 56->56 procs, for 20s: http://10.8.9.38:8080/echo
{"ts":1788338757.632470,"level":"info","r":1,"file":"httprunner.go","line":121,"msg":"Starting http test","run":0,"url":"http://10.8.9.38:8080/echo","threads":16,"qps":"5000.0","warmup":"parallel","conn-reuse":""}
Starting at 5000 qps with 16 thread(s) [gomax 56] for 20s : 6250 calls each (total 100000)
{"ts":1788338777.638344,"level":"info","r":70,"file":"periodic.go","line":882,"msg":"T000 ended after 20.000756864s : 6250 calls. qps=312.48817444751677"}
{"ts":1788338777.638482,"level":"info","r":77,"file":"periodic.go","line":882,"msg":"T007 ended after 20.000904999s : 6250 calls. qps=312.4858600304579"}
{"ts":1788338777.638483,"level":"info","r":76,"file":"periodic.go","line":882,"msg":"T006 ended after 20.000905314s : 6250 calls. qps=312.48585510902836"}
{"ts":1788338777.638523,"level":"info","r":78,"file":"periodic.go","line":882,"msg":"T008 ended after 20.000954151s : 6250 calls. qps=312.4850921018443"}
{"ts":1788338777.638530,"level":"info","r":213,"file":"periodic.go","line":882,"msg":"T015 ended after 20.000959656s : 6250 calls. qps=312.4850060944496"}
{"ts":1788338777.638499,"level":"info","r":73,"file":"periodic.go","line":882,"msg":"T003 ended after 20.000904383s : 6250 calls. qps=312.4858696545872"}
{"ts":1788338777.638516,"level":"info","r":212,"file":"periodic.go","line":882,"msg":"T014 ended after 20.000938419s : 6250 calls. qps=312.48533789108507"}
{"ts":1788338777.638524,"level":"info","r":71,"file":"periodic.go","line":882,"msg":"T001 ended after 20.000945723s : 6250 calls. qps=312.4852237768357"}
{"ts":1788338777.639064,"level":"info","r":211,"file":"periodic.go","line":882,"msg":"T013 ended after 20.000974715s : 6250 calls. qps=312.4847708203305"}
{"ts":1788338777.639098,"level":"info","r":209,"file":"periodic.go","line":882,"msg":"T011 ended after 20.000976131s : 6250 calls. qps=312.48474869748844"}
{"ts":1788338777.638534,"level":"info","r":72,"file":"periodic.go","line":882,"msg":"T002 ended after 20.000963508s : 6250 calls. qps=312.48494591273663"}
{"ts":1788338777.638512,"level":"info","r":210,"file":"periodic.go","line":882,"msg":"T012 ended after 20.000921258s : 6250 calls. qps=312.48560600677905"}
{"ts":1788338777.638543,"level":"info","r":80,"file":"periodic.go","line":882,"msg":"T010 ended after 20.000967901s : 6250 calls. qps=312.4848772787399"}
{"ts":1788338777.639020,"level":"info","r":74,"file":"periodic.go","line":882,"msg":"T004 ended after 20.000970824s : 6250 calls. qps=312.4848316112918"}
{"ts":1788338777.638917,"level":"info","r":79,"file":"periodic.go","line":882,"msg":"T009 ended after 20.000987484s : 6250 calls. qps=312.48457132427853"}
{"ts":1788338777.638537,"level":"info","r":75,"file":"periodic.go","line":882,"msg":"T005 ended after 20.000962617s : 6250 calls. qps=312.48495983327103"}
Ended after 20.008817359s : 100000 calls. qps=4997.8
{"ts":1788338777.646797,"level":"info","r":1,"file":"periodic.go","line":598,"msg":"Run ended","run":0,"elapsed":20008817359,"calls":100000,"qps":4997.796631644491}
Sleep times : count 99984 avg 0.0016455857 +/- 0.009789 min -0.206687186 max 0.003067927 sum 164.532238
Aggregated Function Time : count 100000 avg 0.00025377304 +/- 0.001987 min 7.9949e-05 max 0.208848079 sum 25.3773039
# range, mid point, percentile, count
>= 7.9949e-05 <= 8e-05 , 7.99745e-05 , 0.00, 1
> 8e-05 <= 9e-05 , 8.5e-05 , 0.02, 23
> 9e-05 <= 0.0001 , 9.5e-05 , 0.13, 108
> 0.0001 <= 0.00011 , 0.000105 , 0.50, 365
> 0.00011 <= 0.00012 , 0.000115 , 1.40, 902
> 0.00012 <= 0.00014 , 0.00013 , 7.10, 5704
> 0.00014 <= 0.00016 , 0.00015 , 21.17, 14065
> 0.00016 <= 0.00018 , 0.00017 , 39.76, 18592
> 0.00018 <= 0.0002 , 0.00019 , 57.04, 17277
> 0.0002 <= 0.00025 , 0.000225 , 81.37, 24336
> 0.00025 <= 0.0003 , 0.000275 , 89.36, 7992
> 0.0003 <= 0.00035 , 0.000325 , 92.54, 3176
> 0.00035 <= 0.0004 , 0.000375 , 94.27, 1726
> 0.0004 <= 0.00045 , 0.000425 , 95.36, 1091
> 0.00045 <= 0.0005 , 0.000475 , 96.15, 790
> 0.0005 <= 0.0006 , 0.00055 , 97.14, 988
> 0.0006 <= 0.0007 , 0.00065 , 97.71, 578
> 0.0007 <= 0.0008 , 0.00075 , 98.15, 438
> 0.0008 <= 0.0009 , 0.00085 , 98.46, 309
> 0.0009 <= 0.001 , 0.00095 , 98.71, 248
> 0.001 <= 0.0012 , 0.0011 , 98.99, 279
> 0.0012 <= 0.0014 , 0.0013 , 99.24, 251
> 0.0014 <= 0.0016 , 0.0015 , 99.41, 172
> 0.0016 <= 0.0018 , 0.0017 , 99.51, 95
> 0.0018 <= 0.002 , 0.0019 , 99.62, 112
> 0.002 <= 0.0025 , 0.00225 , 99.80, 181
> 0.0025 <= 0.003 , 0.00275 , 99.92, 124
> 0.003 <= 0.0035 , 0.00325 , 99.96, 35
> 0.0035 <= 0.004 , 0.00375 , 99.97, 16
> 0.004 <= 0.0045 , 0.00425 , 99.98, 7
> 0.0045 <= 0.005 , 0.00475 , 99.99, 6
> 0.007 <= 0.008 , 0.0075 , 99.99, 2
> 0.01 <= 0.02 , 0.015 , 99.99, 2
> 0.2 <= 0.208848 , 0.204424 , 100.00, 9
# target 50% 0.000191854
# target 75% 0.000236906
# target 90% 0.000309997
# target 99% 0.00120956
# target 99.9% 0.00290726
Error cases : no data
# Socket and IP used for each connection:
[0]   1 socket used, resolved to 10.8.9.38:8080, connection timing : count 1 avg 0.000901608 +/- 0 min 0.000901608 max 0.000901608 sum 0.000901608
[1]   1 socket used, resolved to 10.8.9.38:8080, connection timing : count 1 avg 0.001006514 +/- 0 min 0.001006514 max 0.001006514 sum 0.001006514
[2]   1 socket used, resolved to 10.8.9.38:8080, connection timing : count 1 avg 0.001010027 +/- 0 min 0.001010027 max 0.001010027 sum 0.001010027
[3]   1 socket used, resolved to 10.8.9.38:8080, connection timing : count 1 avg 0.001606655 +/- 0 min 0.001606655 max 0.001606655 sum 0.001606655
[4]   1 socket used, resolved to 10.8.9.38:8080, connection timing : count 1 avg 0.000927086 +/- 0 min 0.000927086 max 0.000927086 sum 0.000927086
[5]   1 socket used, resolved to 10.8.9.38:8080, connection timing : count 1 avg 0.000984098 +/- 0 min 0.000984098 max 0.000984098 sum 0.000984098
[6]   1 socket used, resolved to 10.8.9.38:8080, connection timing : count 1 avg 0.000656621 +/- 0 min 0.000656621 max 0.000656621 sum 0.000656621
[7]   1 socket used, resolved to 10.8.9.38:8080, connection timing : count 1 avg 0.00091406 +/- 0 min 0.00091406 max 0.00091406 sum 0.00091406
[8]   1 socket used, resolved to 10.8.9.38:8080, connection timing : count 1 avg 0.001098853 +/- 0 min 0.001098853 max 0.001098853 sum 0.001098853
[9]   1 socket used, resolved to 10.8.9.38:8080, connection timing : count 1 avg 0.001054519 +/- 0 min 0.001054519 max 0.001054519 sum 0.001054519
[10]   1 socket used, resolved to 10.8.9.38:8080, connection timing : count 1 avg 0.000874829 +/- 0 min 0.000874829 max 0.000874829 sum 0.000874829
[11]   1 socket used, resolved to 10.8.9.38:8080, connection timing : count 1 avg 0.001172709 +/- 0 min 0.001172709 max 0.001172709 sum 0.001172709
[12]   1 socket used, resolved to 10.8.9.38:8080, connection timing : count 1 avg 0.00093031 +/- 0 min 0.00093031 max 0.00093031 sum 0.00093031
[13]   1 socket used, resolved to 10.8.9.38:8080, connection timing : count 1 avg 0.000666892 +/- 0 min 0.000666892 max 0.000666892 sum 0.000666892
[14]   1 socket used, resolved to 10.8.9.38:8080, connection timing : count 1 avg 0.000982906 +/- 0 min 0.000982906 max 0.000982906 sum 0.000982906
[15]   1 socket used, resolved to 10.8.9.38:8080, connection timing : count 1 avg 0.001593448 +/- 0 min 0.001593448 max 0.001593448 sum 0.001593448
Connection time histogram (s) : count 16 avg 0.0010238209 +/- 0.0002533 min 0.000656621 max 0.001606655 sum 0.016381135
# range, mid point, percentile, count
>= 0.000656621 <= 0.0007 , 0.000678311 , 12.50, 2
> 0.0008 <= 0.0009 , 0.00085 , 18.75, 1
> 0.0009 <= 0.001 , 0.00095 , 56.25, 6
> 0.001 <= 0.0012 , 0.0011 , 87.50, 5
> 0.0014 <= 0.0016 , 0.0015 , 93.75, 1
> 0.0016 <= 0.00160666 , 0.00160333 , 100.00, 1
# target 50% 0.000983333
# target 75% 0.00112
# target 90% 0.00148
# target 99% 0.00160559
# target 99.9% 0.00160655
Sockets used: 16 (for perfect keepalive, would be 16)
Uniform: false, Jitter: false, Catchup allowed: true
IP addresses distribution:
10.8.9.38:8080: 16
Code 200 : 100000 (100.0 %)
Response Header Sizes : count 100000 avg 75 +/- 0 min 75 max 75 sum 7500000
Response Body/Total Sizes : count 100000 avg 75 +/- 0 min 75 max 75 sum 7500000
All done 100000 calls (plus 16 warmup) 0.254 ms avg, 4997.8 qps
