{"ts":1788337326.584833,"level":"info","r":1,"file":"scli.go","line":124,"msg":"Starting","command":"Φορτίο","version":"1.75.2 h1:TzBLdqgF9XOyBG4zt/uK8V2QoRbYRPvXM/Ju196nsGA= go1.25.11 amd64 linux","go-max-procs":56}
Fortio 1.75.2 running at 0 queries per second, 56->56 procs, for 20s: http://10.8.9.38:8080/echo
{"ts":1788337326.587085,"level":"info","r":1,"file":"httprunner.go","line":121,"msg":"Starting http test","run":0,"url":"http://10.8.9.38:8080/echo","threads":16,"qps":"-1.0","warmup":"parallel","conn-reuse":""}
Starting at max qps with 16 thread(s) [gomax 56] for 20s
{"ts":1788337346.591007,"level":"info","r":244,"file":"periodic.go","line":882,"msg":"T003 ended after 20.000434467s : 116709 calls. qps=5835.323237230954"}
{"ts":1788337346.591024,"level":"info","r":254,"file":"periodic.go","line":882,"msg":"T013 ended after 20.000465313s : 116560 calls. qps=5827.864410946368"}
{"ts":1788337346.590999,"level":"info","r":243,"file":"periodic.go","line":882,"msg":"T002 ended after 20.000444536s : 116402 calls. qps=5819.970640676564"}
{"ts":1788337346.591069,"level":"info","r":247,"file":"periodic.go","line":882,"msg":"T006 ended after 20.000104128s : 116606 calls. qps=5830.269645284118"}
{"ts":1788337346.590962,"level":"info","r":249,"file":"periodic.go","line":882,"msg":"T008 ended after 20.000123612s : 116742 calls. qps=5837.063923442715"}
{"ts":1788337346.591025,"level":"info","r":253,"file":"periodic.go","line":882,"msg":"T012 ended after 20.000469041s : 116871 calls. qps=5843.412959987092"}
{"ts":1788337346.591171,"level":"info","r":255,"file":"periodic.go","line":882,"msg":"T014 ended after 20.000095096s : 118042 calls. qps=5902.071936828355"}
{"ts":1788337346.591187,"level":"info","r":241,"file":"periodic.go","line":882,"msg":"T000 ended after 20.000095126s : 118348 calls. qps=5917.371855204245"}
{"ts":1788337346.590854,"level":"info","r":250,"file":"periodic.go","line":882,"msg":"T009 ended after 20.000096354s : 116526 calls. qps=5826.271930769719"}
{"ts":1788337346.591206,"level":"info","r":242,"file":"periodic.go","line":882,"msg":"T001 ended after 20.000099164s : 116203 calls. qps=5810.121192257104"}
{"ts":1788337346.591218,"level":"info","r":248,"file":"periodic.go","line":882,"msg":"T007 ended after 20.000131266s : 116455 calls. qps=5822.711783795749"}
{"ts":1788337346.591239,"level":"info","r":256,"file":"periodic.go","line":882,"msg":"T015 ended after 20.000134012s : 116765 calls. qps=5838.210880484175"}
{"ts":1788337346.590681,"level":"info","r":246,"file":"periodic.go","line":882,"msg":"T005 ended after 20.000129675s : 116328 calls. qps=5816.3622881610145"}
{"ts":1788337346.590652,"level":"info","r":252,"file":"periodic.go","line":882,"msg":"T011 ended after 20.000088716s : 116618 calls. qps=5830.87413540851"}
{"ts":1788337346.591279,"level":"info","r":245,"file":"periodic.go","line":882,"msg":"T004 ended after 20.000131978s : 118526 calls. qps=5926.260893196993"}
{"ts":1788337346.590652,"level":"info","r":251,"file":"periodic.go","line":882,"msg":"T010 ended after 20.000090042s : 116209 calls. qps=5810.423840890826"}
Ended after 20.00132486s : 1869910 calls. qps=93489
{"ts":1788337346.591951,"level":"info","r":1,"file":"periodic.go","line":598,"msg":"Run ended","run":0,"elapsed":20001324860,"calls":1869910,"qps":93489.3069878372}
Aggregated Function Time : count 1869910 avg 0.00017051628 +/- 0.000592 min 6.3735e-05 max 0.210400743 sum 318.850089
# range, mid point, percentile, count
>= 6.3735e-05 <= 7e-05 , 6.68675e-05 , 0.00, 32
> 7e-05 <= 8e-05 , 7.5e-05 , 0.20, 3692
> 8e-05 <= 9e-05 , 8.5e-05 , 2.37, 40644
> 9e-05 <= 0.0001 , 9.5e-05 , 9.34, 130231
> 0.0001 <= 0.00011 , 0.000105 , 20.92, 216648
> 0.00011 <= 0.00012 , 0.000115 , 34.63, 256249
> 0.00012 <= 0.00014 , 0.00013 , 59.03, 456242
> 0.00014 <= 0.00016 , 0.00015 , 74.20, 283759
> 0.00016 <= 0.00018 , 0.00017 , 82.30, 151414
> 0.00018 <= 0.0002 , 0.00019 , 86.67, 81812
> 0.0002 <= 0.00025 , 0.000225 , 91.59, 91999
> 0.00025 <= 0.0003 , 0.000275 , 93.68, 38929
> 0.0003 <= 0.00035 , 0.000325 , 94.75, 20003
> 0.00035 <= 0.0004 , 0.000375 , 95.53, 14752
> 0.0004 <= 0.00045 , 0.000425 , 96.20, 12432
> 0.00045 <= 0.0005 , 0.000475 , 96.79, 10983
> 0.0005 <= 0.0006 , 0.00055 , 97.91, 20939
> 0.0006 <= 0.0007 , 0.00065 , 98.76, 15901
> 0.0007 <= 0.0008 , 0.00075 , 99.29, 9940
> 0.0008 <= 0.0009 , 0.00085 , 99.56, 5034
> 0.0009 <= 0.001 , 0.00095 , 99.68, 2287
> 0.001 <= 0.0012 , 0.0011 , 99.78, 1899
> 0.0012 <= 0.0014 , 0.0013 , 99.82, 700
> 0.0014 <= 0.0016 , 0.0015 , 99.84, 422
> 0.0016 <= 0.0018 , 0.0017 , 99.86, 357
> 0.0018 <= 0.002 , 0.0019 , 99.87, 224
> 0.002 <= 0.0025 , 0.00225 , 99.89, 416
> 0.0025 <= 0.003 , 0.00275 , 99.92, 410
> 0.003 <= 0.0035 , 0.00325 , 99.92, 150
> 0.0035 <= 0.004 , 0.00375 , 99.94, 231
> 0.004 <= 0.0045 , 0.00425 , 99.95, 165
> 0.0045 <= 0.005 , 0.00475 , 99.95, 128
> 0.005 <= 0.006 , 0.0055 , 99.96, 175
> 0.006 <= 0.007 , 0.0065 , 99.97, 177
> 0.007 <= 0.008 , 0.0075 , 99.98, 128
> 0.008 <= 0.009 , 0.0085 , 99.99, 152
> 0.009 <= 0.01 , 0.0095 , 99.99, 88
> 0.01 <= 0.02 , 0.015 , 100.00, 152
> 0.02 <= 0.03 , 0.025 , 100.00, 1
> 0.2 <= 0.210401 , 0.2052 , 100.00, 13
# target 50% 0.000132601
# target 75% 0.000161973
# target 90% 0.000233803
# target 99% 0.000745774
# target 99.9% 0.00262206
Error cases : no data
# Socket and IP used for each connection:
[0]   1 socket used, resolved to 10.8.9.38:8080, connection timing : count 1 avg 0.000848236 +/- 0 min 0.000848236 max 0.000848236 sum 0.000848236
[1]   1 socket used, resolved to 10.8.9.38:8080, connection timing : count 1 avg 0.000973408 +/- 0 min 0.000973408 max 0.000973408 sum 0.000973408
[2]   1 socket used, resolved to 10.8.9.38:8080, connection timing : count 1 avg 0.00087946 +/- 0 min 0.00087946 max 0.00087946 sum 0.00087946
[3]   1 socket used, resolved to 10.8.9.38:8080, connection timing : count 1 avg 0.000856259 +/- 0 min 0.000856259 max 0.000856259 sum 0.000856259
[4]   1 socket used, resolved to 10.8.9.38:8080, connection timing : count 1 avg 0.000864566 +/- 0 min 0.000864566 max 0.000864566 sum 0.000864566
[5]   1 socket used, resolved to 10.8.9.38:8080, connection timing : count 1 avg 0.000451183 +/- 0 min 0.000451183 max 0.000451183 sum 0.000451183
[6]   1 socket used, resolved to 10.8.9.38:8080, connection timing : count 1 avg 0.000241382 +/- 0 min 0.000241382 max 0.000241382 sum 0.000241382
[7]   1 socket used, resolved to 10.8.9.38:8080, connection timing : count 1 avg 0.000170025 +/- 0 min 0.000170025 max 0.000170025 sum 0.000170025
[8]   1 socket used, resolved to 10.8.9.38:8080, connection timing : count 1 avg 0.000288712 +/- 0 min 0.000288712 max 0.000288712 sum 0.000288712
[9]   1 socket used, resolved to 10.8.9.38:8080, connection timing : count 1 avg 0.000182381 +/- 0 min 0.000182381 max 0.000182381 sum 0.000182381
[10]   1 socket used, resolved to 10.8.9.38:8080, connection timing : count 1 avg 0.000162416 +/- 0 min 0.000162416 max 0.000162416 sum 0.000162416
[11]   1 socket used, resolved to 10.8.9.38:8080, connection timing : count 1 avg 0.000492007 +/- 0 min 0.000492007 max 0.000492007 sum 0.000492007
[12]   1 socket used, resolved to 10.8.9.38:8080, connection timing : count 1 avg 0.000387542 +/- 0 min 0.000387542 max 0.000387542 sum 0.000387542
[13]   1 socket used, resolved to 10.8.9.38:8080, connection timing : count 1 avg 0.000283782 +/- 0 min 0.000283782 max 0.000283782 sum 0.000283782
[14]   1 socket used, resolved to 10.8.9.38:8080, connection timing : count 1 avg 0.000464499 +/- 0 min 0.000464499 max 0.000464499 sum 0.000464499
[15]   1 socket used, resolved to 10.8.9.38:8080, connection timing : count 1 avg 0.001205932 +/- 0 min 0.001205932 max 0.001205932 sum 0.001205932
Connection time histogram (s) : count 16 avg 0.00054698688 +/- 0.000327 min 0.000162416 max 0.001205932 sum 0.00875179
# range, mid point, percentile, count
>= 0.000162416 <= 0.00018 , 0.000171208 , 12.50, 2
> 0.00018 <= 0.0002 , 0.00019 , 18.75, 1
> 0.0002 <= 0.00025 , 0.000225 , 25.00, 1
> 0.00025 <= 0.0003 , 0.000275 , 37.50, 2
> 0.00035 <= 0.0004 , 0.000375 , 43.75, 1
> 0.00045 <= 0.0005 , 0.000475 , 62.50, 3
> 0.0008 <= 0.0009 , 0.00085 , 87.50, 4
> 0.0009 <= 0.001 , 0.00095 , 93.75, 1
> 0.0012 <= 0.00120593 , 0.00120297 , 100.00, 1
# target 50% 0.000466667
# target 75% 0.00085
# target 90% 0.00094
# target 99% 0.00120498
# target 99.9% 0.00120584
Sockets used: 16 (for perfect keepalive, would be 16)
Uniform: false, Jitter: false, Catchup allowed: true
IP addresses distribution:
10.8.9.38:8080: 16
Code 200 : 1869910 (100.0 %)
Response Header Sizes : count 1869910 avg 75 +/- 0 min 75 max 75 sum 140243250
Response Body/Total Sizes : count 1869910 avg 75 +/- 0 min 75 max 75 sum 140243250
All done 1869910 calls (plus 16 warmup) 0.171 ms avg, 93489.3 qps
