{"ts":1788337670.999530,"level":"info","r":1,"file":"scli.go","line":124,"msg":"Starting","command":"Φορτίο","version":"1.75.2 h1:TzBLdqgF9XOyBG4zt/uK8V2QoRbYRPvXM/Ju196nsGA= go1.25.11 amd64 linux","go-max-procs":56}
Fortio 1.75.2 running at 0 queries per second, 56->56 procs, for 20s: http://10.8.9.90:8080/echo
{"ts":1788337671.000860,"level":"info","r":1,"file":"httprunner.go","line":121,"msg":"Starting http test","run":0,"url":"http://10.8.9.90:8080/echo","threads":16,"qps":"-1.0","warmup":"parallel","conn-reuse":""}
Starting at max qps with 16 thread(s) [gomax 56] for 20s
{"ts":1788337691.049762,"level":"info","r":120,"file":"periodic.go","line":882,"msg":"T005 ended after 20.000301305s : 9347 calls. qps=467.34295936148146"}
{"ts":1788337691.049883,"level":"info","r":127,"file":"periodic.go","line":882,"msg":"T012 ended after 20.000445632s : 9357 calls. qps=467.8395757857081"}
{"ts":1788337691.049921,"level":"info","r":117,"file":"periodic.go","line":882,"msg":"T002 ended after 20.000485202s : 6876 calls. qps=343.7916595799594"}
{"ts":1788337691.049951,"level":"info","r":128,"file":"periodic.go","line":882,"msg":"T013 ended after 20.000486362s : 6893 calls. qps=344.6416189706457"}
{"ts":1788337691.050095,"level":"info","r":126,"file":"periodic.go","line":882,"msg":"T011 ended after 20.000656083s : 6667 calls. qps=333.3390650953078"}
{"ts":1788337691.050125,"level":"info","r":274,"file":"periodic.go","line":882,"msg":"T015 ended after 20.000689826s : 6855 calls. qps=342.73817851466345"}
{"ts":1788337691.050133,"level":"info","r":115,"file":"periodic.go","line":882,"msg":"T000 ended after 20.00069624s : 6875 calls. qps=343.73803379156766"}
{"ts":1788337691.050276,"level":"info","r":124,"file":"periodic.go","line":882,"msg":"T009 ended after 20.000840333s : 9355 calls. qps=467.73034753769315"}
{"ts":1788337691.050299,"level":"info","r":125,"file":"periodic.go","line":882,"msg":"T010 ended after 20.000864371s : 6972 calls. qps=348.58493466457196"}
{"ts":1788337691.050316,"level":"info","r":123,"file":"periodic.go","line":882,"msg":"T008 ended after 20.000881354s : 6787 calls. qps=339.3350462849808"}
{"ts":1788337691.050739,"level":"info","r":118,"file":"periodic.go","line":882,"msg":"T003 ended after 20.001303637s : 9388 calls. qps=469.3694056338074"}
{"ts":1788337691.051113,"level":"info","r":273,"file":"periodic.go","line":882,"msg":"T014 ended after 20.001679707s : 9459 calls. qps=472.9102824644086"}
{"ts":1788337691.051149,"level":"info","r":119,"file":"periodic.go","line":882,"msg":"T004 ended after 20.001715565s : 9378 calls. qps=468.8597820284022"}
{"ts":1788337691.051287,"level":"info","r":116,"file":"periodic.go","line":882,"msg":"T001 ended after 20.001852806s : 6929 calls. qps=346.4179077411015"}
{"ts":1788337691.051335,"level":"info","r":122,"file":"periodic.go","line":882,"msg":"T007 ended after 20.001900426s : 6948 calls. qps=347.36699273677306"}
{"ts":1788337691.051353,"level":"info","r":121,"file":"periodic.go","line":882,"msg":"T006 ended after 20.001919184s : 6958 calls. qps=347.8666189975343"}
Ended after 20.001939675s : 125044 calls. qps=6251.6
{"ts":1788337691.051425,"level":"info","r":1,"file":"periodic.go","line":598,"msg":"Run ended","run":0,"elapsed":20001939675,"calls":125044,"qps":6251.593696999789}
Aggregated Function Time : count 125044 avg 0.0025584565 +/- 0.003412 min 0.000591733 max 0.228164406 sum 319.91964
# range, mid point, percentile, count
>= 0.000591733 <= 0.0006 , 0.000595866 , 0.00, 2
> 0.0006 <= 0.0007 , 0.00065 , 0.03, 40
> 0.0007 <= 0.0008 , 0.00075 , 0.14, 129
> 0.0008 <= 0.0009 , 0.00085 , 0.41, 345
> 0.0009 <= 0.001 , 0.00095 , 1.09, 847
> 0.001 <= 0.0012 , 0.0011 , 5.01, 4900
> 0.0012 <= 0.0014 , 0.0013 , 11.68, 8346
> 0.0014 <= 0.0016 , 0.0015 , 20.01, 10417
> 0.0016 <= 0.0018 , 0.0017 , 30.32, 12893
> 0.0018 <= 0.002 , 0.0019 , 41.52, 14000
> 0.002 <= 0.0025 , 0.00225 , 66.17, 30826
> 0.0025 <= 0.003 , 0.00275 , 83.66, 21863
> 0.003 <= 0.0035 , 0.00325 , 93.05, 11746
> 0.0035 <= 0.004 , 0.00375 , 96.44, 4243
> 0.004 <= 0.0045 , 0.00425 , 97.49, 1311
> 0.0045 <= 0.005 , 0.00475 , 97.81, 393
> 0.005 <= 0.006 , 0.0055 , 98.00, 240
> 0.006 <= 0.007 , 0.0065 , 98.12, 152
> 0.007 <= 0.008 , 0.0075 , 98.17, 66
> 0.008 <= 0.009 , 0.0085 , 98.23, 73
> 0.009 <= 0.01 , 0.0095 , 98.27, 54
> 0.01 <= 0.02 , 0.015 , 99.29, 1269
> 0.02 <= 0.03 , 0.025 , 99.90, 760
> 0.03 <= 0.04 , 0.035 , 99.98, 105
> 0.04 <= 0.05 , 0.045 , 99.99, 9
> 0.2 <= 0.228164 , 0.214082 , 100.00, 15
# target 50% 0.00217198
# target 75% 0.00275244
# target 90% 0.00333763
# target 99% 0.0171518
# target 99.9% 0.0303768
Error cases : no data
# Socket and IP used for each connection:
[0]   1 socket used, resolved to 10.8.9.90:8080, connection timing : count 1 avg 0.000109134 +/- 0 min 0.000109134 max 0.000109134 sum 0.000109134
[1]   1 socket used, resolved to 10.8.9.90:8080, connection timing : count 1 avg 0.00026165 +/- 0 min 0.00026165 max 0.00026165 sum 0.00026165
[2]   1 socket used, resolved to 10.8.9.90:8080, connection timing : count 1 avg 0.000250204 +/- 0 min 0.000250204 max 0.000250204 sum 0.000250204
[3]   1 socket used, resolved to 10.8.9.90:8080, connection timing : count 1 avg 0.000918942 +/- 0 min 0.000918942 max 0.000918942 sum 0.000918942
[4]   1 socket used, resolved to 10.8.9.90:8080, connection timing : count 1 avg 0.00040241 +/- 0 min 0.00040241 max 0.00040241 sum 0.00040241
[5]   1 socket used, resolved to 10.8.9.90:8080, connection timing : count 1 avg 0.000978252 +/- 0 min 0.000978252 max 0.000978252 sum 0.000978252
[6]   1 socket used, resolved to 10.8.9.90:8080, connection timing : count 1 avg 0.000416976 +/- 0 min 0.000416976 max 0.000416976 sum 0.000416976
[7]   1 socket used, resolved to 10.8.9.90:8080, connection timing : count 1 avg 0.00111007 +/- 0 min 0.00111007 max 0.00111007 sum 0.00111007
[8]   1 socket used, resolved to 10.8.9.90:8080, connection timing : count 1 avg 0.001111347 +/- 0 min 0.001111347 max 0.001111347 sum 0.001111347
[9]   1 socket used, resolved to 10.8.9.90:8080, connection timing : count 1 avg 0.00104887 +/- 0 min 0.00104887 max 0.00104887 sum 0.00104887
[10]   1 socket used, resolved to 10.8.9.90:8080, connection timing : count 1 avg 0.001472347 +/- 0 min 0.001472347 max 0.001472347 sum 0.001472347
[11]   1 socket used, resolved to 10.8.9.90:8080, connection timing : count 1 avg 0.000920471 +/- 0 min 0.000920471 max 0.000920471 sum 0.000920471
[12]   1 socket used, resolved to 10.8.9.90:8080, connection timing : count 1 avg 0.001041978 +/- 0 min 0.001041978 max 0.001041978 sum 0.001041978
[13]   1 socket used, resolved to 10.8.9.90:8080, connection timing : count 1 avg 0.000314972 +/- 0 min 0.000314972 max 0.000314972 sum 0.000314972
[14]   1 socket used, resolved to 10.8.9.90:8080, connection timing : count 1 avg 0.000351397 +/- 0 min 0.000351397 max 0.000351397 sum 0.000351397
[15]   1 socket used, resolved to 10.8.9.90:8080, connection timing : count 1 avg 0.000920277 +/- 0 min 0.000920277 max 0.000920277 sum 0.000920277
Connection time histogram (s) : count 16 avg 0.00072683106 +/- 0.0004004 min 0.000109134 max 0.001472347 sum 0.011629297
# range, mid point, percentile, count
>= 0.000109134 <= 0.00011 , 0.000109567 , 6.25, 1
> 0.00025 <= 0.0003 , 0.000275 , 18.75, 2
> 0.0003 <= 0.00035 , 0.000325 , 25.00, 1
> 0.00035 <= 0.0004 , 0.000375 , 31.25, 1
> 0.0004 <= 0.00045 , 0.000425 , 43.75, 2
> 0.0009 <= 0.001 , 0.00095 , 68.75, 4
> 0.001 <= 0.0012 , 0.0011 , 93.75, 4
> 0.0014 <= 0.00147235 , 0.00143617 , 100.00, 1
# target 50% 0.000925
# target 75% 0.00105
# target 90% 0.00117
# target 99% 0.00146077
# target 99.9% 0.00147119
Sockets used: 16 (for perfect keepalive, would be 16)
Uniform: false, Jitter: false, Catchup allowed: true
IP addresses distribution:
10.8.9.90:8080: 16
Code 200 : 125044 (100.0 %)
Response Header Sizes : count 125044 avg 124.01524 +/- 0.1235 min 124 max 126 sum 15507362
Response Body/Total Sizes : count 125044 avg 124.01524 +/- 0.1235 min 124 max 126 sum 15507362
All done 125044 calls (plus 16 warmup) 2.558 ms avg, 6251.6 qps
