{"ts":1788337712.608794,"level":"info","r":1,"file":"scli.go","line":124,"msg":"Starting","command":"Φορτίο","version":"1.75.2 h1:TzBLdqgF9XOyBG4zt/uK8V2QoRbYRPvXM/Ju196nsGA= go1.25.11 amd64 linux","go-max-procs":56}
Fortio 1.75.2 running at 0 queries per second, 56->56 procs, for 20s: http://knb-lat-fortio-server-94788:8080/echo
{"ts":1788337712.611460,"level":"info","r":1,"file":"httprunner.go","line":121,"msg":"Starting http test","run":0,"url":"http://knb-lat-fortio-server-94788:8080/echo","threads":16,"qps":"-1.0","warmup":"parallel","conn-reuse":""}
Starting at max qps with 16 thread(s) [gomax 56] for 20s
{"ts":1788337732.715868,"level":"info","r":275,"file":"periodic.go","line":882,"msg":"T002 ended after 20.000053013s : 9201 calls. qps=460.0487805716998"}
{"ts":1788337732.716141,"level":"info","r":276,"file":"periodic.go","line":882,"msg":"T003 ended after 20.000342696s : 7540 calls. qps=376.9935402910858"}
{"ts":1788337732.716191,"level":"info","r":278,"file":"periodic.go","line":882,"msg":"T005 ended after 20.000393293s : 7612 calls. qps=380.5925157813846"}
{"ts":1788337732.716204,"level":"info","r":277,"file":"periodic.go","line":882,"msg":"T004 ended after 20.000398426s : 9218 calls. qps=460.89081845573827"}
{"ts":1788337732.716206,"level":"info","r":273,"file":"periodic.go","line":882,"msg":"T000 ended after 20.000395514s : 7623 calls. qps=381.14246264100154"}
{"ts":1788337732.716307,"level":"info","r":274,"file":"periodic.go","line":882,"msg":"T001 ended after 20.000508453s : 9176 calls. qps=458.7883363847001"}
{"ts":1788337732.716314,"level":"info","r":281,"file":"periodic.go","line":882,"msg":"T008 ended after 20.000514344s : 7641 calls. qps=382.0401749964116"}
{"ts":1788337732.716310,"level":"info","r":280,"file":"periodic.go","line":882,"msg":"T007 ended after 20.000508833s : 7560 calls. qps=377.99038330096465"}
{"ts":1788337732.716326,"level":"info","r":284,"file":"periodic.go","line":882,"msg":"T011 ended after 20.000527702s : 7538 calls. qps=376.89005571819087"}
{"ts":1788337732.716335,"level":"info","r":285,"file":"periodic.go","line":882,"msg":"T012 ended after 20.000534855s : 7622 calls. qps=381.0898086105208"}
{"ts":1788337732.716990,"level":"info","r":282,"file":"periodic.go","line":882,"msg":"T009 ended after 20.00118975s : 7520 calls. qps=375.97763403049555"}
{"ts":1788337732.717012,"level":"info","r":283,"file":"periodic.go","line":882,"msg":"T010 ended after 20.001214886s : 7584 calls. qps=379.1769671605537"}
{"ts":1788337732.717026,"level":"info","r":279,"file":"periodic.go","line":882,"msg":"T006 ended after 20.001229877s : 9204 calls. qps=460.1717022703663"}
{"ts":1788337732.717045,"level":"info","r":287,"file":"periodic.go","line":882,"msg":"T014 ended after 20.001249375s : 9219 calls. qps=460.92120682836094"}
{"ts":1788337732.717061,"level":"info","r":286,"file":"periodic.go","line":882,"msg":"T013 ended after 20.001264774s : 9203 calls. qps=460.1209025522798"}
{"ts":1788337732.717076,"level":"info","r":288,"file":"periodic.go","line":882,"msg":"T015 ended after 20.0012787s : 9202 calls. qps=460.0705853871233"}
Ended after 20.001300259s : 132663 calls. qps=6632.7
{"ts":1788337732.717142,"level":"info","r":1,"file":"periodic.go","line":598,"msg":"Run ended","run":0,"elapsed":20001300259,"calls":132663,"qps":6632.718787385112}
Aggregated Function Time : count 132663 avg 0.0024114791 +/- 0.002546 min 0.00062583 max 0.218600925 sum 319.914051
# range, mid point, percentile, count
>= 0.00062583 <= 0.0007 , 0.000662915 , 0.01, 8
> 0.0007 <= 0.0008 , 0.00075 , 0.05, 56
> 0.0008 <= 0.0009 , 0.00085 , 0.19, 187
> 0.0009 <= 0.001 , 0.00095 , 0.51, 426
> 0.001 <= 0.0012 , 0.0011 , 2.85, 3108
> 0.0012 <= 0.0014 , 0.0013 , 9.38, 8653
> 0.0014 <= 0.0016 , 0.0015 , 19.43, 13332
> 0.0016 <= 0.0018 , 0.0017 , 31.80, 16423
> 0.0018 <= 0.002 , 0.0019 , 44.71, 17114
> 0.002 <= 0.0025 , 0.00225 , 71.34, 35332
> 0.0025 <= 0.003 , 0.00275 , 88.16, 22313
> 0.003 <= 0.0035 , 0.00325 , 95.66, 9954
> 0.0035 <= 0.004 , 0.00375 , 97.78, 2812
> 0.004 <= 0.0045 , 0.00425 , 98.24, 610
> 0.0045 <= 0.005 , 0.00475 , 98.42, 243
> 0.005 <= 0.006 , 0.0055 , 98.52, 125
> 0.006 <= 0.007 , 0.0065 , 98.58, 84
> 0.007 <= 0.008 , 0.0075 , 98.63, 72
> 0.008 <= 0.009 , 0.0085 , 98.69, 76
> 0.009 <= 0.01 , 0.0095 , 98.73, 51
> 0.01 <= 0.02 , 0.015 , 99.42, 910
> 0.02 <= 0.03 , 0.025 , 99.89, 626
> 0.03 <= 0.04 , 0.035 , 100.00, 144
> 0.2 <= 0.218601 , 0.2093 , 100.00, 4
# target 50% 0.00209941
# target 75% 0.00260887
# target 90% 0.0031228
# target 99% 0.0139271
# target 99.9% 0.0310651
Error cases : no data
# Socket and IP used for each connection:
[0]   1 socket used, resolved to 10.105.171.0:8080, connection timing : count 1 avg 0.000292696 +/- 0 min 0.000292696 max 0.000292696 sum 0.000292696
[1]   1 socket used, resolved to 10.105.171.0:8080, connection timing : count 1 avg 8.0488e-05 +/- 0 min 8.0488e-05 max 8.0488e-05 sum 8.0488e-05
[2]   1 socket used, resolved to 10.105.171.0:8080, connection timing : count 1 avg 8.725e-05 +/- 0 min 8.725e-05 max 8.725e-05 sum 8.725e-05
[3]   1 socket used, resolved to 10.105.171.0:8080, connection timing : count 1 avg 0.000189786 +/- 0 min 0.000189786 max 0.000189786 sum 0.000189786
[4]   1 socket used, resolved to 10.105.171.0:8080, connection timing : count 1 avg 0.000171958 +/- 0 min 0.000171958 max 0.000171958 sum 0.000171958
[5]   1 socket used, resolved to 10.105.171.0:8080, connection timing : count 1 avg 0.000252526 +/- 0 min 0.000252526 max 0.000252526 sum 0.000252526
[6]   1 socket used, resolved to 10.105.171.0:8080, connection timing : count 1 avg 0.000184826 +/- 0 min 0.000184826 max 0.000184826 sum 0.000184826
[7]   1 socket used, resolved to 10.105.171.0:8080, connection timing : count 1 avg 0.00022597 +/- 0 min 0.00022597 max 0.00022597 sum 0.00022597
[8]   1 socket used, resolved to 10.105.171.0:8080, connection timing : count 1 avg 8.831e-05 +/- 0 min 8.831e-05 max 8.831e-05 sum 8.831e-05
[9]   1 socket used, resolved to 10.105.171.0:8080, connection timing : count 1 avg 0.000285119 +/- 0 min 0.000285119 max 0.000285119 sum 0.000285119
[10]   1 socket used, resolved to 10.105.171.0:8080, connection timing : count 1 avg 0.000232692 +/- 0 min 0.000232692 max 0.000232692 sum 0.000232692
[11]   1 socket used, resolved to 10.105.171.0:8080, connection timing : count 1 avg 0.000172956 +/- 0 min 0.000172956 max 0.000172956 sum 0.000172956
[12]   1 socket used, resolved to 10.105.171.0:8080, connection timing : count 1 avg 0.000196368 +/- 0 min 0.000196368 max 0.000196368 sum 0.000196368
[13]   1 socket used, resolved to 10.105.171.0:8080, connection timing : count 1 avg 0.000254016 +/- 0 min 0.000254016 max 0.000254016 sum 0.000254016
[14]   1 socket used, resolved to 10.105.171.0:8080, connection timing : count 1 avg 0.000234886 +/- 0 min 0.000234886 max 0.000234886 sum 0.000234886
[15]   1 socket used, resolved to 10.105.171.0:8080, connection timing : count 1 avg 0.000166753 +/- 0 min 0.000166753 max 0.000166753 sum 0.000166753
Connection time histogram (s) : count 16 avg 0.0001947875 +/- 6.446e-05 min 8.0488e-05 max 0.000292696 sum 0.0031166
# range, mid point, percentile, count
>= 8.0488e-05 <= 9e-05 , 8.5244e-05 , 18.75, 3
> 0.00016 <= 0.00018 , 0.00017 , 37.50, 3
> 0.00018 <= 0.0002 , 0.00019 , 56.25, 3
> 0.0002 <= 0.00025 , 0.000225 , 75.00, 3
> 0.00025 <= 0.000292696 , 0.000271348 , 100.00, 4
# target 50% 0.000193333
# target 75% 0.00025
# target 90% 0.000275618
# target 99% 0.000290988
# target 99.9% 0.000292525
Sockets used: 16 (for perfect keepalive, would be 16)
Uniform: false, Jitter: false, Catchup allowed: true
IP addresses distribution:
10.105.171.0:8080: 16
Code 200 : 132663 (100.0 %)
Response Header Sizes : count 132663 avg 124.01117 +/- 0.1054 min 124 max 126 sum 16451694
Response Body/Total Sizes : count 132663 avg 124.01117 +/- 0.1054 min 124 max 126 sum 16451694
All done 132663 calls (plus 16 warmup) 2.411 ms avg, 6632.7 qps
