{"ts":1788522565.001000,"level":"info","r":1,"file":"scli.go","line":124,"msg":"Starting","command":"Φορτίο","version":"1.75.2 h1:TzBLdqgF9XOyBG4zt/uK8V2QoRbYRPvXM/Ju196nsGA= go1.25.11 amd64 linux","go-max-procs":56}
Fortio 1.75.2 running at 5000 queries per second, 56->56 procs, for 20s: http://10.8.9.63:8080/echo
{"ts":1788522565.002345,"level":"info","r":1,"file":"httprunner.go","line":121,"msg":"Starting http test","run":0,"url":"http://10.8.9.63:8080/echo","threads":16,"qps":"5000.0","warmup":"parallel","conn-reuse":""}
{"ts":1788522565.050461,"level":"warn","r":102,"file":"http_client.go","line":1159,"msg":"Non ok http code","code":503,"status":"HTTP/1.1 503","thread":9,"run":0}
{"ts":1788522565.050623,"level":"warn","r":48,"file":"http_client.go","line":1159,"msg":"Non ok http code","code":503,"status":"HTTP/1.1 503","thread":3,"run":0}
{"ts":1788522565.050633,"level":"warn","r":104,"file":"http_client.go","line":1159,"msg":"Non ok http code","code":503,"status":"HTTP/1.1 503","thread":11,"run":0}
{"ts":1788522565.050698,"level":"warn","r":108,"file":"http_client.go","line":1159,"msg":"Non ok http code","code":503,"status":"HTTP/1.1 503","thread":15,"run":0}
{"ts":1788522565.050716,"level":"warn","r":98,"file":"http_client.go","line":1159,"msg":"Non ok http code","code":503,"status":"HTTP/1.1 503","thread":5,"run":0}
{"ts":1788522565.050743,"level":"warn","r":97,"file":"http_client.go","line":1159,"msg":"Non ok http code","code":503,"status":"HTTP/1.1 503","thread":4,"run":0}
{"ts":1788522565.050751,"level":"warn","r":107,"file":"http_client.go","line":1159,"msg":"Non ok http code","code":503,"status":"HTTP/1.1 503","thread":14,"run":0}
{"ts":1788522565.050761,"level":"warn","r":47,"file":"http_client.go","line":1159,"msg":"Non ok http code","code":503,"status":"HTTP/1.1 503","thread":2,"run":0}
{"ts":1788522565.051148,"level":"warn","r":100,"file":"http_client.go","line":1159,"msg":"Non ok http code","code":503,"status":"HTTP/1.1 503","thread":7,"run":0}
{"ts":1788522565.051714,"level":"warn","r":45,"file":"http_client.go","line":1159,"msg":"Non ok http code","code":503,"status":"HTTP/1.1 503","thread":0,"run":0}
{"ts":1788522565.051786,"level":"warn","r":106,"file":"http_client.go","line":1159,"msg":"Non ok http code","code":503,"status":"HTTP/1.1 503","thread":13,"run":0}
{"ts":1788522565.052223,"level":"warn","r":105,"file":"http_client.go","line":1159,"msg":"Non ok http code","code":503,"status":"HTTP/1.1 503","thread":12,"run":0}
{"ts":1788522565.052298,"level":"warn","r":46,"file":"http_client.go","line":1159,"msg":"Non ok http code","code":503,"status":"HTTP/1.1 503","thread":1,"run":0}
{"ts":1788522565.052414,"level":"warn","r":99,"file":"http_client.go","line":1159,"msg":"Non ok http code","code":503,"status":"HTTP/1.1 503","thread":6,"run":0}
{"ts":1788522565.052597,"level":"warn","r":101,"file":"http_client.go","line":1159,"msg":"Non ok http code","code":503,"status":"HTTP/1.1 503","thread":8,"run":0}
{"ts":1788522565.052674,"level":"warn","r":103,"file":"http_client.go","line":1159,"msg":"Non ok http code","code":503,"status":"HTTP/1.1 503","thread":10,"run":0}
Aborting because of error 503 for http://10.8.9.63:8080/echo (229 bytes)
