{"ts":1788522715.631456,"level":"info","r":1,"file":"scli.go","line":124,"msg":"Starting","command":"Φορτίο","version":"1.75.2 h1:TzBLdqgF9XOyBG4zt/uK8V2QoRbYRPvXM/Ju196nsGA= go1.25.11 amd64 linux","go-max-procs":56}
Fortio 1.75.2 running at 5000 queries per second, 56->56 procs, for 20s: http://knb-lat-fortio-server-174702:8080/echo
{"ts":1788522715.633764,"level":"info","r":1,"file":"httprunner.go","line":121,"msg":"Starting http test","run":0,"url":"http://knb-lat-fortio-server-174702:8080/echo","threads":16,"qps":"5000.0","warmup":"parallel","conn-reuse":""}
Starting at 5000 qps with 16 thread(s) [gomax 56] for 20s : 6250 calls each (total 100000)
{"ts":1788522735.759236,"level":"info","r":253,"file":"periodic.go","line":882,"msg":"T012 ended after 20.001648157s : 6250 calls. qps=312.4742496689044"}
{"ts":1788522735.759490,"level":"info","r":255,"file":"periodic.go","line":882,"msg":"T014 ended after 20.001915395s : 6250 calls. qps=312.47007481905206"}
{"ts":1788522735.759541,"level":"info","r":242,"file":"periodic.go","line":882,"msg":"T001 ended after 20.001966382s : 6250 calls. qps=312.46927830177975"}
{"ts":1788522735.759803,"level":"info","r":256,"file":"periodic.go","line":882,"msg":"T015 ended after 20.002217964s : 6250 calls. qps=312.4653481553272"}
{"ts":1788522735.759828,"level":"info","r":252,"file":"periodic.go","line":882,"msg":"T011 ended after 20.002255057s : 6250 calls. qps=312.46476870680374"}
{"ts":1788522735.760409,"level":"info","r":250,"file":"periodic.go","line":882,"msg":"T009 ended after 20.002835841s : 6250 calls. qps=312.45569626629225"}
{"ts":1788522735.760424,"level":"info","r":243,"file":"periodic.go","line":882,"msg":"T002 ended after 20.002851647s : 6250 calls. qps=312.45544936775883"}
{"ts":1788522735.760693,"level":"info","r":248,"file":"periodic.go","line":882,"msg":"T007 ended after 20.003117945s : 6250 calls. qps=312.4512897031763"}
{"ts":1788522735.760748,"level":"info","r":247,"file":"periodic.go","line":882,"msg":"T006 ended after 20.003169951s : 6250 calls. qps=312.45047736484133"}
{"ts":1788522735.761112,"level":"info","r":249,"file":"periodic.go","line":882,"msg":"T008 ended after 20.003537494s : 6250 calls. qps=312.4447364309772"}
{"ts":1788522735.761156,"level":"info","r":245,"file":"periodic.go","line":882,"msg":"T004 ended after 20.003582555s : 6250 calls. qps=312.4440326034388"}
{"ts":1788522735.761194,"level":"info","r":241,"file":"periodic.go","line":882,"msg":"T000 ended after 20.003619313s : 6250 calls. qps=312.44345846645035"}
{"ts":1788522735.761205,"level":"info","r":244,"file":"periodic.go","line":882,"msg":"T003 ended after 20.003624563s : 6250 calls. qps=312.4433764649035"}
{"ts":1788522735.761222,"level":"info","r":251,"file":"periodic.go","line":882,"msg":"T010 ended after 20.00363724s : 6250 calls. qps=312.44317845867914"}
{"ts":1788522735.761220,"level":"info","r":254,"file":"periodic.go","line":882,"msg":"T013 ended after 20.003626649s : 6250 calls. qps=312.4433438829675"}
{"ts":1788522735.761244,"level":"info","r":246,"file":"periodic.go","line":882,"msg":"T005 ended after 20.003659529s : 6250 calls. qps=312.4428303200801"}
Ended after 20.003710417s : 100000 calls. qps=4999.1
{"ts":1788522735.761326,"level":"info","r":1,"file":"periodic.go","line":598,"msg":"Run ended","run":0,"elapsed":20003710417,"calls":100000,"qps":4999.072567808008}
Aggregated Sleep Time : count 99984 avg -0.0040651826 +/- 0.01174 min -0.20604775 max 0.002386136 sum -406.453221
# range, mid point, percentile, count
>= -0.206048 <= -0.001 , -0.103524 , 34.21, 34209
> -0.001 <= 0 , -0.0005 , 59.50, 25279
> 0 <= 0.001 , 0.0005 , 88.32, 28816
> 0.001 <= 0.002 , 0.0015 , 99.92, 11599
> 0.002 <= 0.00238614 , 0.00219307 , 100.00, 81
# target 50% -0.000375648
WARNING 34.21% of sleep were falling behind
Aggregated Function Time : count 100000 avg 0.0027658771 +/- 0.001982 min 0.000549777 max 0.208457977 sum 276.587708
# range, mid point, percentile, count
>= 0.000549777 <= 0.0006 , 0.000574889 , 0.02, 20
> 0.0006 <= 0.0007 , 0.00065 , 0.15, 127
> 0.0007 <= 0.0008 , 0.00075 , 0.33, 186
> 0.0008 <= 0.0009 , 0.00085 , 0.59, 254
> 0.0009 <= 0.001 , 0.00095 , 0.97, 380
> 0.001 <= 0.0012 , 0.0011 , 2.50, 1534
> 0.0012 <= 0.0014 , 0.0013 , 5.85, 3348
> 0.0014 <= 0.0016 , 0.0015 , 11.44, 5591
> 0.0016 <= 0.0018 , 0.0017 , 19.66, 8221
> 0.0018 <= 0.002 , 0.0019 , 29.54, 9875
> 0.002 <= 0.0025 , 0.00225 , 46.55, 17018
> 0.0025 <= 0.003 , 0.00275 , 65.27, 18714
> 0.003 <= 0.0035 , 0.00325 , 84.59, 19326
> 0.0035 <= 0.004 , 0.00375 , 94.57, 9980
> 0.004 <= 0.0045 , 0.00425 , 97.81, 3239
> 0.0045 <= 0.005 , 0.00475 , 98.42, 610
> 0.005 <= 0.006 , 0.0055 , 98.62, 202
> 0.006 <= 0.007 , 0.0065 , 98.71, 83
> 0.007 <= 0.008 , 0.0075 , 98.79, 85
> 0.008 <= 0.009 , 0.0085 , 98.88, 83
> 0.009 <= 0.01 , 0.0095 , 98.93, 50
> 0.01 <= 0.02 , 0.015 , 99.66, 729
> 0.02 <= 0.03 , 0.025 , 99.99, 332
> 0.03 <= 0.04 , 0.035 , 100.00, 12
> 0.2 <= 0.208458 , 0.204229 , 100.00, 1
# target 50% 0.00259207
# target 75% 0.00325179
# target 90% 0.00377084
# target 99% 0.0110151
# target 99.9% 0.0273795
Error cases : no data
# Socket and IP used for each connection:
[0]   1 socket used, resolved to 10.98.118.248:8080, connection timing : count 1 avg 0.00100498 +/- 0 min 0.00100498 max 0.00100498 sum 0.00100498
[1]   1 socket used, resolved to 10.98.118.248:8080, connection timing : count 1 avg 0.000501229 +/- 0 min 0.000501229 max 0.000501229 sum 0.000501229
[2]   1 socket used, resolved to 10.98.118.248:8080, connection timing : count 1 avg 0.000660871 +/- 0 min 0.000660871 max 0.000660871 sum 0.000660871
[3]   1 socket used, resolved to 10.98.118.248:8080, connection timing : count 1 avg 0.000557438 +/- 0 min 0.000557438 max 0.000557438 sum 0.000557438
[4]   1 socket used, resolved to 10.98.118.248:8080, connection timing : count 1 avg 0.00022376 +/- 0 min 0.00022376 max 0.00022376 sum 0.00022376
[5]   1 socket used, resolved to 10.98.118.248:8080, connection timing : count 1 avg 0.000666202 +/- 0 min 0.000666202 max 0.000666202 sum 0.000666202
[6]   1 socket used, resolved to 10.98.118.248:8080, connection timing : count 1 avg 0.000326507 +/- 0 min 0.000326507 max 0.000326507 sum 0.000326507
[7]   1 socket used, resolved to 10.98.118.248:8080, connection timing : count 1 avg 0.00077384 +/- 0 min 0.00077384 max 0.00077384 sum 0.00077384
[8]   1 socket used, resolved to 10.98.118.248:8080, connection timing : count 1 avg 0.000323519 +/- 0 min 0.000323519 max 0.000323519 sum 0.000323519
[9]   1 socket used, resolved to 10.98.118.248:8080, connection timing : count 1 avg 0.000370857 +/- 0 min 0.000370857 max 0.000370857 sum 0.000370857
[10]   1 socket used, resolved to 10.98.118.248:8080, connection timing : count 1 avg 0.000772654 +/- 0 min 0.000772654 max 0.000772654 sum 0.000772654
[11]   1 socket used, resolved to 10.98.118.248:8080, connection timing : count 1 avg 0.000356626 +/- 0 min 0.000356626 max 0.000356626 sum 0.000356626
[12]   1 socket used, resolved to 10.98.118.248:8080, connection timing : count 1 avg 0.000768882 +/- 0 min 0.000768882 max 0.000768882 sum 0.000768882
[13]   1 socket used, resolved to 10.98.118.248:8080, connection timing : count 1 avg 0.000231108 +/- 0 min 0.000231108 max 0.000231108 sum 0.000231108
[14]   1 socket used, resolved to 10.98.118.248:8080, connection timing : count 1 avg 0.000261584 +/- 0 min 0.000261584 max 0.000261584 sum 0.000261584
[15]   1 socket used, resolved to 10.98.118.248:8080, connection timing : count 1 avg 0.000573908 +/- 0 min 0.000573908 max 0.000573908 sum 0.000573908
Connection time histogram (s) : count 16 avg 0.00052337281 +/- 0.0002283 min 0.00022376 max 0.00100498 sum 0.008373965
# range, mid point, percentile, count
>= 0.00022376 <= 0.00025 , 0.00023688 , 12.50, 2
> 0.00025 <= 0.0003 , 0.000275 , 18.75, 1
> 0.0003 <= 0.00035 , 0.000325 , 31.25, 2
> 0.00035 <= 0.0004 , 0.000375 , 43.75, 2
> 0.0005 <= 0.0006 , 0.00055 , 62.50, 3
> 0.0006 <= 0.0007 , 0.00065 , 75.00, 2
> 0.0007 <= 0.0008 , 0.00075 , 93.75, 3
> 0.001 <= 0.00100498 , 0.00100249 , 100.00, 1
# target 50% 0.000533333
# target 75% 0.0007
# target 90% 0.00078
# target 99% 0.00100418
# target 99.9% 0.0010049
Sockets used: 16 (for perfect keepalive, would be 16)
Uniform: false, Jitter: false, Catchup allowed: true
IP addresses distribution:
10.98.118.248:8080: 16
Code 200 : 100000 (100.0 %)
Response Header Sizes : count 100000 avg 124.00993 +/- 0.09925 min 124 max 126 sum 12400993
Response Body/Total Sizes : count 100000 avg 124.00993 +/- 0.09925 min 124 max 126 sum 12400993
All done 100000 calls (plus 16 warmup) 2.766 ms avg, 4999.1 qps
